Archive member included to satisfy reference by file (symbol)

C:/ST/STM32CubeIDE_1.16.0/STM32CubeIDE/plugins/com.st.stm32cube.ide.mcu.externaltools.gnu-tools-for-stm32.13.3.rel1.win32_1.0.0.202411081344/tools/bin/../lib/gcc/arm-none-eabi/13.3.1/../../../../arm-none-eabi/lib/thumb/v7e-m+fp/hard\libc_nano.a(libc_a-exit.o)
                              C:/ST/STM32CubeIDE_1.16.0/STM32CubeIDE/plugins/com.st.stm32cube.ide.mcu.externaltools.gnu-tools-for-stm32.13.3.rel1.win32_1.0.0.202411081344/tools/bin/../lib/gcc/arm-none-eabi/13.3.1/../../../../arm-none-eabi/lib/thumb/v7e-m+fp/hard/crt0.o (exit)
C:/ST/STM32CubeIDE_1.16.0/STM32CubeIDE/plugins/com.st.stm32cube.ide.mcu.externaltools.gnu-tools-for-stm32.13.3.rel1.win32_1.0.0.202411081344/tools/bin/../lib/gcc/arm-none-eabi/13.3.1/../../../../arm-none-eabi/lib/thumb/v7e-m+fp/hard\libc_nano.a(libc_a-findfp.o)
                              C:/ST/STM32CubeIDE_1.16.0/STM32CubeIDE/plugins/com.st.stm32cube.ide.mcu.externaltools.gnu-tools-for-stm32.13.3.rel1.win32_1.0.0.202411081344/tools/bin/../lib/gcc/arm-none-eabi/13.3.1/../../../../arm-none-eabi/lib/thumb/v7e-m+fp/hard\libc_nano.a(libc_a-exit.o) (__stdio_exit_handler)
C:/ST/STM32CubeIDE_1.16.0/STM32CubeIDE/plugins/com.st.stm32cube.ide.mcu.externaltools.gnu-tools-for-stm32.13.3.rel1.win32_1.0.0.202411081344/tools/bin/../lib/gcc/arm-none-eabi/13.3.1/../../../../arm-none-eabi/lib/thumb/v7e-m+fp/hard\libc_nano.a(libc_a-fwalk.o)
                              C:/ST/STM32CubeIDE_1.16.0/STM32CubeIDE/plugins/com.st.stm32cube.ide.mcu.externaltools.gnu-tools-for-stm32.13.3.rel1.win32_1.0.0.202411081344/tools/bin/../lib/gcc/arm-none-eabi/13.3.1/../../../../arm-none-eabi/lib/thumb/v7e-m+fp/hard\libc_nano.a(libc_a-findfp.o) (_fwalk_sglue)
C:/ST/STM32CubeIDE_1.16.0/STM32CubeIDE/plugins/com.st.stm32cube.ide.mcu.externaltools.gnu-tools-for-stm32.13.3.rel1.win32_1.0.0.202411081344/tools/bin/../lib/gcc/arm-none-eabi/13.3.1/../../../../arm-none-eabi/lib/thumb/v7e-m+fp/hard\libc_nano.a(libc_a-printf.o)
                              ./Core/Src/ApplicationCode.o (printf)
C:/ST/STM32CubeIDE_1.16.0/STM32CubeIDE/plugins/com.st.stm32cube.ide.mcu.externaltools.gnu-tools-for-stm32.13.3.rel1.win32_1.0.0.202411081344/tools/bin/../lib/gcc/arm-none-eabi/13.3.1/../../../../arm-none-eabi/lib/thumb/v7e-m+fp/hard\libc_nano.a(libc_a-puts.o)
                              ./Core/Src/ApplicationCode.o (puts)
C:/ST/STM32CubeIDE_1.16.0/STM32CubeIDE/plugins/com.st.stm32cube.ide.mcu.externaltools.gnu-tools-for-stm32.13.3.rel1.win32_1.0.0.202411081344/tools/bin/../lib/gcc/arm-none-eabi/13.3.1/../../../../arm-none-eabi/lib/thumb/v7e-m+fp/hard\libc_nano.a(libc_a-stdio.o)
                              C:/ST/STM32CubeIDE_1.16.0/STM32CubeIDE/plugins/com.st.stm32cube.ide.mcu.externaltools.gnu-tools-for-stm32.13.3.rel1.win32_1.0.0.202411081344/tools/bin/../lib/gcc/arm-none-eabi/13.3.1/../../../../arm-none-eabi/lib/thumb/v7e-m+fp/hard\libc_nano.a(libc_a-findfp.o) (__sread)
C:/ST/STM32CubeIDE_1.16.0/STM32CubeIDE/plugins/com.st.stm32cube.ide.mcu.externaltools.gnu-tools-for-stm32.13.3.rel1.win32_1.0.0.202411081344/tools/bin/../lib/gcc/arm-none-eabi/13.3.1/../../../../arm-none-eabi/lib/thumb/v7e-m+fp/hard\libc_nano.a(libc_a-wbuf.o)
                              C:/ST/STM32CubeIDE_1.16.0/STM32CubeIDE/plugins/com.st.stm32cube.ide.mcu.externaltools.gnu-tools-for-stm32.13.3.rel1.win32_1.0.0.202411081344/tools/bin/../lib/gcc/arm-none-eabi/13.3.1/../../../../arm-none-eabi/lib/thumb/v7e-m+fp/hard\libc_nano.a(libc_a-puts.o) (__swbuf_r)
C:/ST/STM32CubeIDE_1.16.0/STM32CubeIDE/plugins/com.st.stm32cube.ide.mcu.externaltools.gnu-tools-for-stm32.13.3.rel1.win32_1.0.0.202411081344/tools/bin/../lib/gcc/arm-none-eabi/13.3.1/../../../../arm-none-eabi/lib/thumb/v7e-m+fp/hard\libc_nano.a(libc_a-wsetup.o)
                              C:/ST/STM32CubeIDE_1.16.0/STM32CubeIDE/plugins/com.st.stm32cube.ide.mcu.externaltools.gnu-tools-for-stm32.13.3.rel1.win32_1.0.0.202411081344/tools/bin/../lib/gcc/arm-none-eabi/13.3.1/../../../../arm-none-eabi/lib/thumb/v7e-m+fp/hard\libc_nano.a(libc_a-puts.o) (__swsetup_r)
C:/ST/STM32CubeIDE_1.16.0/STM32CubeIDE/plugins/com.st.stm32cube.ide.mcu.externaltools.gnu-tools-for-stm32.13.3.rel1.win32_1.0.0.202411081344/tools/bin/../lib/gcc/arm-none-eabi/13.3.1/../../../../arm-none-eabi/lib/thumb/v7e-m+fp/hard\libc_nano.a(libc_a-memset.o)
                              C:/ST/STM32CubeIDE_1.16.0/STM32CubeIDE/plugins/com.st.stm32cube.ide.mcu.externaltools.gnu-tools-for-stm32.13.3.rel1.win32_1.0.0.202411081344/tools/bin/../lib/gcc/arm-none-eabi/13.3.1/../../../../arm-none-eabi/lib/thumb/v7e-m+fp/hard/crt0.o (memset)
C:/ST/STM32CubeIDE_1.16.0/STM32CubeIDE/plugins/com.st.stm32cube.ide.mcu.externaltools.gnu-tools-for-stm32.13.3.rel1.win32_1.0.0.202411081344/tools/bin/../lib/gcc/arm-none-eabi/13.3.1/../../../../arm-none-eabi/lib/thumb/v7e-m+fp/hard\libc_nano.a(libc_a-closer.o)
[...]
Memory Configuration

Name             Origin             Length             Attributes
CCMRAM           0x10000000         0x00010000         xrw
RAM              0x20000000         0x00030000         xrw
FLASH            0x08000000         0x00200000         xr
*default*        0x00000000         0xffffffff

Linker script and memory map

LOAD C:/ST/STM32CubeIDE_1.16.0/STM32CubeIDE/plugins/com.st.stm32cube.ide.mcu.externaltools.gnu-tools-for-stm32.13.3.rel1.win32_1.0.0.202411081344/tools/bin/../lib/gcc/arm-none-eabi/13.3.1/thumb/v7e-m+fp/hard/crti.o
LOAD C:/ST/STM32CubeIDE_1.16.0/STM32CubeIDE/plugins/com.st.stm32cube.ide.mcu.externaltools.gnu-tools-for-stm32.13.3.rel1.win32_1.0.0.202411081344/tools/bin/../lib/gcc/arm-none-eabi/13.3.1/thumb/v7e-m+fp/hard/crtbegin.o
LOAD C:/ST/STM32CubeIDE_1.16.0/STM32CubeIDE/plugins/com.st.stm32cube.ide.mcu.externaltools.gnu-tools-for-stm32.13.3.rel1.win32_1.0.0.202411081344/tools/bin/../lib/gcc/arm-none-eabi/13.3.1/../../../../arm-none-eabi/lib/thumb/v7e-m+fp/hard/crt0.o
LOAD ./Core/Src/ApplicationCode.o
LOAD ./Core/Src/LCD_Driver.o
LOAD ./Core/Src/fonts.o
LOAD ./Core/Src/ili9341.o
LOAD ./Core/Src/main.o
LOAD ./Core/Src/stm32f4xx_hal_msp.o
LOAD ./Core/Src/stm32f4xx_it.o
LOAD ./Core/Src/stmpe811.o
LOAD ./Core/Src/syscalls.o
LOAD ./Core/Src/sysmem.o
LOAD ./Core/Src/system_stm32f4xx.o
LOAD ./Core/Startup/startup_stm32f429zitx.o
LOAD ./Drivers/STM32F4xx_HAL_Driver/Src/stm32f4xx_hal.o
LOAD ./Drivers/STM32F4xx_HAL_Driver/Src/stm32f4xx_hal_cortex.o
LOAD ./Drivers/STM32F4xx_HAL_Driver/Src/stm32f4xx_hal_dma.o
LOAD ./Drivers/STM32F4xx_HAL_Driver/Src/stm32f4xx_hal_dma_ex.o
LOAD ./Drivers/STM32F4xx_HAL_Driver/Src/stm32f4xx_hal_dsi.o
LOAD ./Drivers/STM32F4xx_HAL_Driver/Src/stm32f4xx_hal_exti.o
LOAD ./Drivers/STM32F4xx_HAL_Driver/Src/stm32f4xx_hal_flash.o
LOAD ./Drivers/STM32F4xx_HAL_Driver/Src/stm32f4xx_hal_flash_ex.o
LOAD ./Drivers/STM32F4xx_HAL_Driver/Src/stm32f4xx_hal_flash_ramfunc.o
LOAD ./Drivers/STM32F4xx_HAL_Driver/Src/stm32f4xx_hal_gpio.o
LOAD ./Drivers/STM32F4xx_HAL_Driver/Src/stm32f4xx_hal_i2c.o
LOAD ./Drivers/STM32F4xx_HAL_Driver/Src/stm32f4xx_hal_i2c_ex.o
LOAD ./Drivers/STM32F4xx_HAL_Driver/Src/stm32f4xx_hal_ltdc.o
LOAD ./Drivers/STM32F4xx_HAL_Driver/Src/stm32f4xx_hal_ltdc_ex.o
LOAD ./Drivers/STM32F4xx_HAL_Driver/Src/stm32f4xx_hal_pwr.o
LOAD ./Drivers/STM32F4xx_HAL_Driver/Src/stm32f4xx_hal_pwr_ex.o
LOAD ./Drivers/STM32F4xx_HAL_Driver/Src/stm32f4xx_hal_rcc.o
LOAD ./Drivers/STM32F4xx_HAL_Driver/Src/stm32f4xx_hal_rcc_ex.o
LOAD ./Drivers/STM32F4xx_HAL_Driver/Src/stm32f4xx_hal_rng.o
LOAD ./Drivers/STM32F4xx_HAL_Driver/Src/stm32f4xx_hal_spi.o
LOAD ./Drivers/STM32F4xx_HAL_Driver/Src/stm32f4xx_hal_tim.o
LOAD ./Drivers/STM32F4xx_HAL_Driver/Src/stm32f4xx_hal_tim_ex.o
START GROUP
LOAD C:/ST/STM32CubeIDE_1.16.0/STM32CubeIDE/plugins/com.st.stm32cube.ide.mcu.externaltools.gnu-tools-for-stm32.13.3.rel1.win32_1.0.0.202411081344/tools/bin/../lib/gcc/arm-none-eabi/13.3.1/../../../../arm-none-eabi/lib/thumb/v7e-m+fp/hard\libc_nano.a
LOAD C:/ST/STM32CubeIDE_1.16.0/STM32CubeIDE/plugins/com.st.stm32cube.ide.mcu.externaltools.gnu-tools-for-stm32.13.3.rel1.win32_1.0.0.202411081344/tools/bin/../lib/gcc/arm-none-eabi/13.3.1/../../../../arm-none-eabi/lib/thumb/v7e-m+fp/hard\libm.a
END GROUP
START GROUP
LOAD C:/ST/STM32CubeIDE_1.16.0/STM32CubeIDE/plugins/com.st.stm32cube.ide.mcu.externaltools.gnu-tools-for-stm32.13.3.rel1.win32_1.0.0.202411081344/tools/bin/../lib/gcc/arm-none-eabi/13.3.1/thumb/v7e-m+fp/hard\libgcc.a
LOAD C:/ST/STM32CubeIDE_1.16.0/STM32CubeIDE/plugins/com.st.stm32cube.ide.mcu.externaltools.gnu-tools-for-stm32.13.3.rel1.win32_1.0.0.202411081344/tools/bin/../lib/gcc/arm-none-eabi/13.3.1/../../../../arm-none-eabi/lib/thumb/v7e-m+fp/hard\libc_nano.a
END GROUP
START GROUP
LOAD C:/ST/STM32CubeIDE_1.16.0/STM32CubeIDE/plugins/com.st.stm32cube.ide.mcu.externaltools.gnu-tools-for-stm32.13.3.rel1.win32_1.0.0.202411081344/tools/bin/../lib/gcc/arm-none-eabi/13.3.1/thumb/v7e-m+fp/hard\libgcc.a
LOAD C:/ST/STM32CubeIDE_1.16.0/STM32CubeIDE/plugins/com.st.stm32cube.ide.mcu.externaltools.gnu-tools-for-stm32.13.3.rel1.win32_1.0.0.202411081344/tools/bin/../lib/gcc/arm-none-eabi/13.3.1/../../../../arm-none-eabi/lib/thumb/v7e-m+fp/hard\libc_nano.a
LOAD C:/ST/STM32CubeIDE_1.16.0/STM32CubeIDE/plugins/com.st.stm32cube.ide.mcu.externaltools.gnu-tools-for-stm32.13.3.rel1.win32_1.0.0.202411081344/tools/bin/../lib/gcc/arm-none-eabi/13.3.1/../../../../arm-none-eabi/lib/thumb/v7e-m+fp/hard\libnosys.a
END GROUP
START GROUP
LOAD C:/ST/STM32CubeIDE_1.16.0/STM32CubeIDE/plugins/com.st.stm32cube.ide.mcu.externaltools.gnu-tools-for-stm32.13.3.rel1.win32_1.0.0.202411081344/tools/bin/../lib/gcc/arm-none-eabi/13.3.1/thumb/v7e-m+fp/hard\libgcc.a
LOAD C:/ST/STM32CubeIDE_1.16.0/STM32CubeIDE/plugins/com.st.stm32cube.ide.mcu.externaltools.gnu-tools-for-stm32.13.3.rel1.win32_1.0.0.202411081344/tools/bin/../lib/gcc/arm-none-eabi/13.3.1/../../../../arm-none-eabi/lib/thumb/v7e-m+fp/hard\libc_nano.a
LOAD C:/ST/STM32CubeIDE_1.16.0/STM32CubeIDE/plugins/com.st.stm32cube.ide.mcu.externaltools.gnu-tools-for-stm32.13.3.rel1.win32_1.0.0.202411081344/tools/bin/../lib/gcc/arm-none-eabi/13.3.1/../../../../arm-none-eabi/lib/thumb/v7e-m+fp/hard\libnosys.a
END GROUP
LOAD C:/ST/STM32CubeIDE_1.16.0/STM32CubeIDE/plugins/com.st.stm32cube.ide.mcu.externaltools.gnu-tools-for-stm32.13.3.rel1.win32_1.0.0.202411081344/tools/bin/../lib/gcc/arm-none-eabi/13.3.1/thumb/v7e-m+fp/hard/crtend.o
LOAD C:/ST/STM32CubeIDE_1.16.0/STM32CubeIDE/plugins/com.st.stm32cube.ide.mcu.externaltools.gnu-tools-for-stm32.13.3.rel1.win32_1.0.0.202411081344/tools/bin/../lib/gcc/arm-none-eabi/13.3.1/thumb/v7e-m+fp/hard/crtn.o
                0x20030000                        _estack = (ORIGIN (RAM) + LENGTH (RAM))
                0x00000200                        _Min_Heap_Size = 0x200
                0x00000400                        _Min_Stack_Size = 0x400

.isr_vector     0x08000000      0x1ac
                0x08000000                        . = ALIGN (0x4)
 *(.isr_vector)
 .isr_vector    0x08000000      0x1ac ./Core/Startup/startup_stm32f429zitx.o
                0x08000000                g_pfnVectors
                0x080001ac                        . = ALIGN (0x4)

.text           0x080001b0     0x6d18
                0x080001b0                        . = ALIGN (0x4)
 *(.text)
 .text          0x080001b0       0x40 C:/ST/STM32CubeIDE_1.16.0/STM32CubeIDE/plugins/com.st.stm32cube.ide.mcu.externaltools.gnu-tools-for-stm32.13.3.rel1.win32_1.0.0.202411081344/tools/bin/../lib/gcc/arm-none-eabi/13.3.1/thumb/v7e-m+fp/hard/crtbegin.o
 .text          0x080001f0       0xa0 C:/ST/STM32CubeIDE_1.16.0/STM32CubeIDE/plugins/com.st.stm32cube.ide.mcu.externaltools.gnu-tools-for-stm32.13.3.rel1.win32_1.0.0.202411081344/tools/bin/../lib/gcc/arm-none-eabi/13.3.1/../../../../arm-none-eabi/lib/thumb/v7e-m+fp/hard\libc_nano.a(libc_a-memchr.o)
                0x080001f0                memchr
 .text          0x08000290       0x30 C:/ST/STM32CubeIDE_1.16.0/STM32CubeIDE/plugins/com.st.stm32cube.ide.mcu.externaltools.gnu-tools-for-stm32.13.3.rel1.win32_1.0.0.202411081344/tools/bin/../lib/gcc/arm-none-eabi/13.3.1/thumb/v7e-m+fp/hard\libgcc.a(_aeabi_uldivmod.o)
                0x08000290                __aeabi_uldivmod
 .text          0x080002c0      0x2f8 C:/ST/STM32CubeIDE_1.16.0/STM32CubeIDE/plugins/com.st.stm32cube.ide.mcu.externaltools.gnu-tools-for-stm32.13.3.rel1.win32_1.0.0.202411081344/tools/bin/../lib/gcc/arm-none-eabi/13.3.1/thumb/v7e-m+fp/hard\libgcc.a(_udivmoddi4.o)
                0x080002c0                __udivmoddi4
 .text          0x080005b8        0x4 C:/ST/STM32CubeIDE_1.16.0/STM32CubeIDE/plugins/com.st.stm32cube.ide.mcu.externaltools.gnu-tools-for-stm32.13.3.rel1.win32_1.0.0.202411081344/tools/bin/../lib/gcc/arm-none-eabi/13.3.1/thumb/v7e-m+fp/hard\libgcc.a(_dvmd_tls.o)
                0x080005b8                __aeabi_idiv0
                0x080005b8                __aeabi_ldiv0
 *(.text*)
 .text.ApplicationInit
                0x080005bc       0x30 ./Core/Src/ApplicationCode.o
                0x080005bc                ApplicationInit
 .text.LCD_Visual_Demo
                0x080005ec        0xc ./Core/Src/ApplicationCode.o
                0x080005ec                LCD_Visual_Demo
 .text.LCD_Touch_Polling_Demo
                0x080005f8       0x58 ./Core/Src/ApplicationCode.o
                0x080005f8                LCD_Touch_Polling_Demo
 .text.LCD_GPIO_Init
                0x08000650      0x190 ./Core/Src/LCD_Driver.o
                0x08000650                LCD_GPIO_Init
 .text.LTCD_Layer_Init
                0x080007e0       0x80 ./Core/Src/LCD_Driver.o
                0x080007e0                LTCD_Layer_Init
 .text.LTCD__Init
                0x08000860       0xbc ./Core/Src/LCD_Driver.o
                0x08000860                LTCD__Init
 .text.LCD_Draw_Pixel
                0x0800091c       0x3c ./Core/Src/LCD_Driver.o
                0x0800091c                LCD_Draw_Pixel
 .text.LCD_Draw_Circle_Fill
                0x08000958       0xa6 ./Core/Src/LCD_Driver.o
                0x08000958                LCD_Draw_Circle_Fill
 .text.LCD_Draw_Vertical_Line
                0x080009fe       0x4e ./Core/Src/LCD_Driver.o
                0x080009fe                LCD_Draw_Vertical_Line
 .text.LCD_Clear
                0x08000a4c       0x44 ./Core/Src/LCD_Driver.o
                0x08000a4c                LCD_Clear
 .text.LCD_SetTextColor
                0x08000a90       0x20 ./Core/Src/LCD_Driver.o
                0x08000a90                LCD_SetTextColor
 .text.LCD_SetFont
                0x08000ab0       0x20 ./Core/Src/LCD_Driver.o
                0x08000ab0                LCD_SetFont
 .text.LCD_Draw_Char
                0x08000ad0       0xdc ./Core/Src/LCD_Driver.o
                0x08000ad0                LCD_Draw_Char
 .text.LCD_DisplayChar
                0x08000bac       0x44 ./Core/Src/LCD_Driver.o
                0x08000bac                LCD_DisplayChar
 .text.visualDemo
                0x08000bf0      0x158 ./Core/Src/LCD_Driver.o
                0x08000bf0                visualDemo
 .text.LCD_Error_Handler
                0x08000d48        0xc ./Core/Src/LCD_Driver.o
                0x08000d48                LCD_Error_Handler
 .text.InitializeLCDTouch
                0x08000d54       0x16 ./Core/Src/LCD_Driver.o
                0x08000d54                InitializeLCDTouch
 .text.returnTouchStateAndLocation
                0x08000d6a       0x18 ./Core/Src/LCD_Driver.o
                0x08000d6a                returnTouchStateAndLocation
 .text.ili9341_Init
                0x08000d82      0x294 ./Core/Src/ili9341.o
                0x08000d82                ili9341_Init
 .text.ili9341_Write_Reg
                0x08001016       0x1a ./Core/Src/ili9341.o
                0x08001016                ili9341_Write_Reg
 .text.ili9341_Send_Data
                0x08001030       0x1a ./Core/Src/ili9341.o
                0x08001030                ili9341_Send_Data
 *fill*         0x0800104a        0x2 
 .text.SPI_Init
                0x0800104c       0x74 ./Core/Src/ili9341.o
 .text.SPI_Write
                0x080010c0       0x3c ./Core/Src/ili9341.o
 .text.SPI_Error
                0x080010fc       0x18 ./Core/Src/ili9341.o
 .text.SPI_MspInit
                0x08001114       0x74 ./Core/Src/ili9341.o
 .text.LCD_IO_Init
                0x08001188       0xf0 ./Core/Src/ili9341.o
                0x08001188                LCD_IO_Init
 .text.LCD_IO_WriteData
                0x08001278       0x44 ./Core/Src/ili9341.o
                0x08001278                LCD_IO_WriteData
 .text.LCD_IO_WriteReg
                0x080012bc       0x44 ./Core/Src/ili9341.o
                0x080012bc                LCD_IO_WriteReg
 .text.LCD_Delay
                0x08001300       0x16 ./Core/Src/ili9341.o
                0x08001300                LCD_Delay
 .text.main     0x08001316       0x3c ./Core/Src/main.o
                0x08001316                main
 *fill*         0x08001352        0x2 
 .text.SystemClock_Config
                0x08001354       0xd4 ./Core/Src/main.o
                0x08001354                SystemClock_Config
 .text.MX_I2C3_Init
                0x08001428       0x80 ./Core/Src/main.o
 .text.MX_LTDC_Init
                0x080014a8      0x164 ./Core/Src/main.o
 .text.MX_RNG_Init
                0x0800160c       0x28 ./Core/Src/main.o
 .text.MX_SPI5_Init
                0x08001634       0x6c ./Core/Src/main.o
 .text.MX_TIM2_Init
                0x080016a0       0x98 ./Core/Src/main.o
 .text.MX_GPIO_Init
                0x08001738      0x35c ./Core/Src/main.o
 .text.Error_Handler
                0x08001a94        0xc ./Core/Src/main.o
                0x08001a94                Error_Handler
 .text.HAL_MspInit
                0x08001aa0       0x50 ./Core/Src/stm32f4xx_hal_msp.o
                0x08001aa0                HAL_MspInit
 .text.HAL_I2C_MspInit
                0x08001af0       0xd4 ./Core/Src/stm32f4xx_hal_msp.o
                0x08001af0                HAL_I2C_MspInit
 .text.HAL_LTDC_MspInit
                0x08001bc4      0x250 ./Core/Src/stm32f4xx_hal_msp.o
                0x08001bc4                HAL_LTDC_MspInit
 .text.HAL_RNG_MspInit
                0x08001e14       0x44 ./Core/Src/stm32f4xx_hal_msp.o
                0x08001e14                HAL_RNG_MspInit
 .text.HAL_SPI_MspInit
                0x08001e58       0x90 ./Core/Src/stm32f4xx_hal_msp.o
                0x08001e58                HAL_SPI_MspInit
 .text.HAL_SPI_MspDeInit
                0x08001ee8       0x3c ./Core/Src/stm32f4xx_hal_msp.o
                0x08001ee8                HAL_SPI_MspDeInit
 .text.HAL_TIM_Base_MspInit
                0x08001f24       0x40 ./Core/Src/stm32f4xx_hal_msp.o
                0x08001f24                HAL_TIM_Base_MspInit
 .text.NMI_Handler
                0x08001f64        0x8 ./Core/Src/stm32f4xx_it.o
                0x08001f64                NMI_Handler
 .text.HardFault_Handler
                0x08001f6c        0x8 ./Core/Src/stm32f4xx_it.o
                0x08001f6c                HardFault_Handler
 .text.MemManage_Handler
                0x08001f74        0x8 ./Core/Src/stm32f4xx_it.o
                0x08001f74                MemManage_Handler
 .text.BusFault_Handler
                0x08001f7c        0x8 ./Core/Src/stm32f4xx_it.o
                0x08001f7c                BusFault_Handler
 .text.UsageFault_Handler
                0x08001f84        0x8 ./Core/Src/stm32f4xx_it.o
                0x08001f84                UsageFault_Handler
 .text.SVC_Handler
                0x08001f8c        0xe ./Core/Src/stm32f4xx_it.o
                0x08001f8c                SVC_Handler
 .text.DebugMon_Handler
                0x08001f9a        0xe ./Core/Src/stm32f4xx_it.o
                0x08001f9a                DebugMon_Handler
 .text.PendSV_Handler
                0x08001fa8        0xe ./Core/Src/stm32f4xx_it.o
                0x08001fa8                PendSV_Handler
 .text.SysTick_Handler
                0x08001fb6        0xc ./Core/Src/stm32f4xx_it.o
                0x08001fb6                SysTick_Handler
 .text.STMPE811_Init
                0x08001fc2      0x14e ./Core/Src/stmpe811.o
                0x08001fc2                STMPE811_Init
 .text.STMPE811_Read
                0x08002110       0x22 ./Core/Src/stmpe811.o
                0x08002110                STMPE811_Read
 .text.STMPE811_ReadTouch
                0x08002132      0x198 ./Core/Src/stmpe811.o
                0x08002132                STMPE811_ReadTouch
 *fill*         0x080022ca        0x2 
 .text.verifyHAL_I2C_IS_OKAY
                0x080022cc       0x20 ./Core/Src/stmpe811.o
                0x080022cc                verifyHAL_I2C_IS_OKAY
 .text.I2C3_Init
                0x080022ec       0x7c ./Core/Src/stmpe811.o
 .text.I2C3_MspInit
                0x08002368       0xa8 ./Core/Src/stmpe811.o
 .text.I2C3_Write
                0x08002410       0x54 ./Core/Src/stmpe811.o
                0x08002410                I2C3_Write
 .text.I2C3_Read
                0x08002464       0x4c ./Core/Src/stmpe811.o
                0x08002464                I2C3_Read
 .text.I2C3_MulitByteRead
                0x080024b0       0x44 ./Core/Src/stmpe811.o
                0x080024b0                I2C3_MulitByteRead
 .text.TM_STMPE811_ReadX
                0x080024f4       0xc0 ./Core/Src/stmpe811.o
                0x080024f4                TM_STMPE811_ReadX
 .text.TM_STMPE811_ReadY
                0x080025b4       0xa4 ./Core/Src/stmpe811.o
                0x080025b4                TM_STMPE811_ReadY
 .text.initialise_monitor_handles
                0x08002658        0xe ./Core/Src/syscalls.o
                0x08002658                initialise_monitor_handles
 .text._read    0x08002666       0x3a ./Core/Src/syscalls.o
                0x08002666                _read
 .text._write   0x080026a0       0x38 ./Core/Src/syscalls.o
                0x080026a0                _write
 .text._close   0x080026d8       0x18 ./Core/Src/syscalls.o
                0x080026d8                _close
 .text._fstat   0x080026f0       0x20 ./Core/Src/syscalls.o
                0x080026f0                _fstat
 .text._isatty  0x08002710       0x16 ./Core/Src/syscalls.o
                0x08002710                _isatty
 .text._lseek   0x08002726       0x1a ./Core/Src/syscalls.o
                0x08002726                _lseek
 .text._sbrk    0x08002740       0x6c ./Core/Src/sysmem.o
                0x08002740                _sbrk
 .text.SystemInit
                0x080027ac       0x24 ./Core/Src/system_stm32f4xx.o
                0x080027ac                SystemInit
 .text.Reset_Handler
                0x080027d0       0x50 ./Core/Startup/startup_stm32f429zitx.o
                0x080027d0                Reset_Handler
 .text.Default_Handler
                0x08002820        0x2 ./Core/Startup/startup_stm32f429zitx.o
                0x08002820                RTC_Alarm_IRQHandler
                0x08002820                HASH_RNG_IRQHandler
                0x08002820                EXTI2_IRQHandler
                0x08002820                TIM8_CC_IRQHandler
                0x08002820                UART8_IRQHandler
                0x08002820                SPI4_IRQHandler
                0x08002820                TIM1_CC_IRQHandler
                0x08002820                DMA2_Stream5_IRQHandler
                0x08002820                DMA1_Stream5_IRQHandler
                0x08002820                PVD_IRQHandler
                0x08002820                SDIO_IRQHandler
                0x08002820                TAMP_STAMP_IRQHandler
                0x08002820                CAN2_RX1_IRQHandler
                0x08002820                EXTI3_IRQHandler
                0x08002820                TIM8_TRG_COM_TIM14_IRQHandler
                0x08002820                TIM1_UP_TIM10_IRQHandler
                0x08002820                TIM8_UP_TIM13_IRQHandler
                0x08002820                I2C3_ER_IRQHandler
                0x08002820                EXTI0_IRQHandler
                0x08002820                I2C2_EV_IRQHandler
                0x08002820                DMA1_Stream2_IRQHandler
                0x08002820                CAN1_RX0_IRQHandler
                0x08002820                FPU_IRQHandler
                0x08002820                OTG_HS_WKUP_IRQHandler
                0x08002820                LTDC_ER_IRQHandler
                0x08002820                CAN2_SCE_IRQHandler
                0x08002820                DMA2_Stream2_IRQHandler
                0x08002820                SPI1_IRQHandler
                0x08002820                TIM6_DAC_IRQHandler
                0x08002820                TIM1_BRK_TIM9_IRQHandler
                0x08002820                DCMI_IRQHandler
                0x08002820                CAN2_RX0_IRQHandler
                0x08002820                DMA2_Stream3_IRQHandler
                0x08002820                USART6_IRQHandler
                0x08002820                USART3_IRQHandler
                0x08002820                CAN1_RX1_IRQHandler
                0x08002820                UART5_IRQHandler
                0x08002820                DMA2_Stream0_IRQHandler
                0x08002820                TIM4_IRQHandler
                0x08002820                I2C1_EV_IRQHandler
                0x08002820                DMA1_Stream6_IRQHandler
                0x08002820                DMA1_Stream1_IRQHandler
                0x08002820                UART4_IRQHandler
                0x08002820                TIM3_IRQHandler
                0x08002820                RCC_IRQHandler
                0x08002820                TIM8_BRK_TIM12_IRQHandler
                0x08002820                Default_Handler
                0x08002820                EXTI15_10_IRQHandler
                0x08002820                ADC_IRQHandler
                0x08002820                DMA1_Stream7_IRQHandler
                0x08002820                SPI5_IRQHandler
                0x08002820                TIM7_IRQHandler
                0x08002820                CAN2_TX_IRQHandler
                0x08002820                TIM5_IRQHandler
                0x08002820                DMA2_Stream7_IRQHandler
                0x08002820                I2C3_EV_IRQHandler
                0x08002820                EXTI9_5_IRQHandler
                0x08002820                RTC_WKUP_IRQHandler
                0x08002820                LTDC_IRQHandler
                0x08002820                ETH_WKUP_IRQHandler
                0x08002820                SPI2_IRQHandler
                0x08002820                OTG_HS_EP1_IN_IRQHandler
                0x08002820                DMA1_Stream0_IRQHandler
                0x08002820                CAN1_TX_IRQHandler
                0x08002820                EXTI4_IRQHandler
                0x08002820                ETH_IRQHandler
                0x08002820                OTG_HS_EP1_OUT_IRQHandler
                0x08002820                WWDG_IRQHandler
                0x08002820                SPI6_IRQHandler
                0x08002820                TIM2_IRQHandler
                0x08002820                OTG_FS_WKUP_IRQHandler
                0x08002820                TIM1_TRG_COM_TIM11_IRQHandler
                0x08002820                OTG_HS_IRQHandler
                0x08002820                DMA2D_IRQHandler
                0x08002820                EXTI1_IRQHandler
                0x08002820                UART7_IRQHandler
                0x08002820                USART2_IRQHandler
                0x08002820                I2C2_ER_IRQHandler
                0x08002820                DMA2_Stream1_IRQHandler
                0x08002820                CAN1_SCE_IRQHandler
                0x08002820                FLASH_IRQHandler
                0x08002820                DMA2_Stream4_IRQHandler
                0x08002820                USART1_IRQHandler
                0x08002820                OTG_FS_IRQHandler
                0x08002820                SPI3_IRQHandler
                0x08002820                DMA1_Stream4_IRQHandler
                0x08002820                I2C1_ER_IRQHandler
                0x08002820                FMC_IRQHandler
                0x08002820                DMA2_Stream6_IRQHandler
                0x08002820                SAI1_IRQHandler
                0x08002820                DMA1_Stream3_IRQHandler
 *fill*         0x08002822        0x2 
 .text.HAL_Init
                0x08002824       0x44 ./Drivers/STM32F4xx_HAL_Driver/Src/stm32f4xx_hal.o
                0x08002824                HAL_Init
 .text.HAL_InitTick
                0x08002868       0x60 ./Drivers/STM32F4xx_HAL_Driver/Src/stm32f4xx_hal.o
                0x08002868                HAL_InitTick
 .text.HAL_IncTick
                0x080028c8       0x28 ./Drivers/STM32F4xx_HAL_Driver/Src/stm32f4xx_hal.o
                0x080028c8                HAL_IncTick
 .text.HAL_GetTick
                0x080028f0       0x18 ./Drivers/STM32F4xx_HAL_Driver/Src/stm32f4xx_hal.o
                0x080028f0                HAL_GetTick
 .text.HAL_Delay
                0x08002908       0x48 ./Drivers/STM32F4xx_HAL_Driver/Src/stm32f4xx_hal.o
                0x08002908                HAL_Delay
 .text.__NVIC_SetPriorityGrouping
                0x08002950       0x48 ./Drivers/STM32F4xx_HAL_Driver/Src/stm32f4xx_hal_cortex.o
 .text.__NVIC_GetPriorityGrouping
                0x08002998       0x1c ./Drivers/STM32F4xx_HAL_Driver/Src/stm32f4xx_hal_cortex.o
 .text.__NVIC_SetPriority
                0x080029b4       0x54 ./Drivers/STM32F4xx_HAL_Driver/Src/stm32f4xx_hal_cortex.o
 .text.NVIC_EncodePriority
                0x08002a08       0x66 ./Drivers/STM32F4xx_HAL_Driver/Src/stm32f4xx_hal_cortex.o
 *fill*         0x08002a6e        0x2 
 .text.SysTick_Config
                0x08002a70       0x44 ./Drivers/STM32F4xx_HAL_Driver/Src/stm32f4xx_hal_cortex.o
 .text.HAL_NVIC_SetPriorityGrouping
                0x08002ab4       0x16 ./Drivers/STM32F4xx_HAL_Driver/Src/stm32f4xx_hal_cortex.o
                0x08002ab4                HAL_NVIC_SetPriorityGrouping
 .text.HAL_NVIC_SetPriority
                0x08002aca       0x38 ./Drivers/STM32F4xx_HAL_Driver/Src/stm32f4xx_hal_cortex.o
                0x08002aca                HAL_NVIC_SetPriority
 .text.HAL_SYSTICK_Config
                0x08002b02       0x18 ./Drivers/STM32F4xx_HAL_Driver/Src/stm32f4xx_hal_cortex.o
                0x08002b02                HAL_SYSTICK_Config
 *fill*         0x08002b1a        0x2 
 .text.HAL_GPIO_Init
                0x08002b1c      0x358 ./Drivers/STM32F4xx_HAL_Driver/Src/stm32f4xx_hal_gpio.o
                0x08002b1c                HAL_GPIO_Init
 .text.HAL_GPIO_DeInit
                0x08002e74      0x218 ./Drivers/STM32F4xx_HAL_Driver/Src/stm32f4xx_hal_gpio.o
                0x08002e74                HAL_GPIO_DeInit
 .text.HAL_GPIO_WritePin
                0x0800308c       0x32 ./Drivers/STM32F4xx_HAL_Driver/Src/stm32f4xx_hal_gpio.o
                0x0800308c                HAL_GPIO_WritePin
 *fill*         0x080030be        0x2 
 .text.HAL_I2C_Init
                0x080030c0      0x288 ./Drivers/STM32F4xx_HAL_Driver/Src/stm32f4xx_hal_i2c.o
                0x080030c0                HAL_I2C_Init
 .text.HAL_I2C_Mem_Write
                0x08003348      0x1f4 ./Drivers/STM32F4xx_HAL_Driver/Src/stm32f4xx_hal_i2c.o
                0x08003348                HAL_I2C_Mem_Write
 .text.HAL_I2C_Mem_Read
                0x0800353c      0x464 ./Drivers/STM32F4xx_HAL_Driver/Src/stm32f4xx_hal_i2c.o
                0x0800353c                HAL_I2C_Mem_Read
 .text.I2C_RequestMemoryWrite
                0x080039a0      0x12c ./Drivers/STM32F4xx_HAL_Driver/Src/stm32f4xx_hal_i2c.o
 .text.I2C_RequestMemoryRead
                0x08003acc      0x1d0 ./Drivers/STM32F4xx_HAL_Driver/Src/stm32f4xx_hal_i2c.o
 .text.I2C_WaitOnFlagUntilTimeout
                0x08003c9c       0xf4 ./Drivers/STM32F4xx_HAL_Driver/Src/stm32f4xx_hal_i2c.o
 .text.I2C_WaitOnMasterAddressFlagUntilTimeout
                0x08003d90      0x140 ./Drivers/STM32F4xx_HAL_Driver/Src/stm32f4xx_hal_i2c.o
 .text.I2C_WaitOnTXEFlagUntilTimeout
                0x08003ed0       0x90 ./Drivers/STM32F4xx_HAL_Driver/Src/stm32f4xx_hal_i2c.o
 .text.I2C_WaitOnBTFFlagUntilTimeout
                0x08003f60       0x90 ./Drivers/STM32F4xx_HAL_Driver/Src/stm32f4xx_hal_i2c.o
 .text.I2C_WaitOnRXNEFlagUntilTimeout
                0x08003ff0       0xba ./Drivers/STM32F4xx_HAL_Driver/Src/stm32f4xx_hal_i2c.o
 .text.I2C_IsAcknowledgeFailed
                0x080040aa       0x5e ./Drivers/STM32F4xx_HAL_Driver/Src/stm32f4xx_hal_i2c.o
 .text.HAL_I2CEx_ConfigAnalogFilter
                0x08004108       0x78 ./Drivers/STM32F4xx_HAL_Driver/Src/stm32f4xx_hal_i2c_ex.o
                0x08004108                HAL_I2CEx_ConfigAnalogFilter
 .text.HAL_I2CEx_ConfigDigitalFilter
                0x08004180       0x7e ./Drivers/STM32F4xx_HAL_Driver/Src/stm32f4xx_hal_i2c_ex.o
                0x08004180                HAL_I2CEx_ConfigDigitalFilter
 *fill*         0x080041fe        0x2 
 .text.HAL_LTDC_Init
                0x08004200      0x1a0 ./Drivers/STM32F4xx_HAL_Driver/Src/stm32f4xx_hal_ltdc.o
                0x08004200                HAL_LTDC_Init
 .text.HAL_LTDC_ConfigLayer
                0x080043a0       0x7c ./Drivers/STM32F4xx_HAL_Driver/Src/stm32f4xx_hal_ltdc.o
                0x080043a0                HAL_LTDC_ConfigLayer
 .text.LTDC_SetConfig
                0x0800441c      0x32e ./Drivers/STM32F4xx_HAL_Driver/Src/stm32f4xx_hal_ltdc.o
 *fill*         0x0800474a        0x2 
 .text.HAL_RCC_OscConfig
                0x0800474c      0x4f0 ./Drivers/STM32F4xx_HAL_Driver/Src/stm32f4xx_hal_rcc.o
                0x0800474c                HAL_RCC_OscConfig
 .text.HAL_RCC_ClockConfig
                0x08004c3c      0x1cc ./Drivers/STM32F4xx_HAL_Driver/Src/stm32f4xx_hal_rcc.o
                0x08004c3c                HAL_RCC_ClockConfig
 .text.HAL_RCC_GetSysClockFreq
                0x08004e08      0x20c ./Drivers/STM32F4xx_HAL_Driver/Src/stm32f4xx_hal_rcc.o
                0x08004e08                HAL_RCC_GetSysClockFreq
 .text.HAL_RCC_GetHCLKFreq
                0x08005014       0x18 ./Drivers/STM32F4xx_HAL_Driver/Src/stm32f4xx_hal_rcc.o
                0x08005014                HAL_RCC_GetHCLKFreq
 .text.HAL_RCC_GetPCLK1Freq
                0x0800502c       0x28 ./Drivers/STM32F4xx_HAL_Driver/Src/stm32f4xx_hal_rcc.o
                0x0800502c                HAL_RCC_GetPCLK1Freq
 .text.HAL_RCCEx_PeriphCLKConfig
                0x08005054      0x380 ./Drivers/STM32F4xx_HAL_Driver/Src/stm32f4xx_hal_rcc_ex.o
                0x08005054                HAL_RCCEx_PeriphCLKConfig
 .text.HAL_RNG_Init
                0x080053d4       0x54 ./Drivers/STM32F4xx_HAL_Driver/Src/stm32f4xx_hal_rng.o
                0x080053d4                HAL_RNG_Init
 .text.HAL_SPI_Init
                0x08005428      0x112 ./Drivers/STM32F4xx_HAL_Driver/Src/stm32f4xx_hal_spi.o
                0x08005428                HAL_SPI_Init
 .text.HAL_SPI_DeInit
                0x0800553a       0x50 ./Drivers/STM32F4xx_HAL_Driver/Src/stm32f4xx_hal_spi.o
                0x0800553a                HAL_SPI_DeInit
 .text.HAL_SPI_Transmit
                0x0800558a      0x288 ./Drivers/STM32F4xx_HAL_Driver/Src/stm32f4xx_hal_spi.o
                0x0800558a                HAL_SPI_Transmit
 .text.HAL_SPI_GetState
                0x08005812       0x1c ./Drivers/STM32F4xx_HAL_Driver/Src/stm32f4xx_hal_spi.o
                0x08005812                HAL_SPI_GetState
 *fill*         0x0800582e        0x2 
 .text.SPI_WaitFlagStateUntilTimeout
                0x08005830      0x110 ./Drivers/STM32F4xx_HAL_Driver/Src/stm32f4xx_hal_spi.o
 .text.SPI_EndRxTxTransaction
                0x08005940       0xa8 ./Drivers/STM32F4xx_HAL_Driver/Src/stm32f4xx_hal_spi.o
 .text.HAL_TIM_Base_Init
                0x080059e8       0x9e ./Drivers/STM32F4xx_HAL_Driver/Src/stm32f4xx_hal_tim.o
                0x080059e8                HAL_TIM_Base_Init
 .text.HAL_TIM_ConfigClockSource
                0x08005a86      0x18e ./Drivers/STM32F4xx_HAL_Driver/Src/stm32f4xx_hal_tim.o
                0x08005a86                HAL_TIM_ConfigClockSource
 .text.TIM_Base_SetConfig
                0x08005c14      0x158 ./Drivers/STM32F4xx_HAL_Driver/Src/stm32f4xx_hal_tim.o
                0x08005c14                TIM_Base_SetConfig
 .text.TIM_TI1_ConfigInputStage
                0x08005d6c       0x5e ./Drivers/STM32F4xx_HAL_Driver/Src/stm32f4xx_hal_tim.o
 .text.TIM_TI2_ConfigInputStage
                0x08005dca       0x60 ./Drivers/STM32F4xx_HAL_Driver/Src/stm32f4xx_hal_tim.o
 .text.TIM_ITRx_SetConfig
                0x08005e2a       0x36 ./Drivers/STM32F4xx_HAL_Driver/Src/stm32f4xx_hal_tim.o
 .text.TIM_ETR_SetConfig
                0x08005e60       0x40 ./Drivers/STM32F4xx_HAL_Driver/Src/stm32f4xx_hal_tim.o
                0x08005e60                TIM_ETR_SetConfig
 .text.HAL_TIMEx_MasterConfigSynchronization
                0x08005ea0       0xf8 ./Drivers/STM32F4xx_HAL_Driver/Src/stm32f4xx_hal_tim_ex.o
                0x08005ea0                HAL_TIMEx_MasterConfigSynchronization
 .text.std      0x08005f98       0x6c C:/ST/STM32CubeIDE_1.16.0/STM32CubeIDE/plugins/com.st.stm32cube.ide.mcu.externaltools.gnu-tools-for-stm32.13.3.rel1.win32_1.0.0.202411081344/tools/bin/../lib/gcc/arm-none-eabi/13.3.1/../../../../arm-none-eabi/lib/thumb/v7e-m+fp/hard\libc_nano.a(libc_a-findfp.o)
 .text.stdio_exit_handler
                0x08006004       0x18 C:/ST/STM32CubeIDE_1.16.0/STM32CubeIDE/plugins/com.st.stm32cube.ide.mcu.externaltools.gnu-tools-for-stm32.13.3.rel1.win32_1.0.0.202411081344/tools/bin/../lib/gcc/arm-none-eabi/13.3.1/../../../../arm-none-eabi/lib/thumb/v7e-m+fp/hard\libc_nano.a(libc_a-findfp.o)
 .text.cleanup_stdio
                0x0800601c       0x40 C:/ST/STM32CubeIDE_1.16.0/STM32CubeIDE/plugins/com.st.stm32cube.ide.mcu.externaltools.gnu-tools-for-stm32.13.3.rel1.win32_1.0.0.202411081344/tools/bin/../lib/gcc/arm-none-eabi/13.3.1/../../../../arm-none-eabi/lib/thumb/v7e-m+fp/hard\libc_nano.a(libc_a-findfp.o)
 .text.global_stdio_init.part.0
                0x0800605c       0x3c C:/ST/STM32CubeIDE_1.16.0/STM32CubeIDE/plugins/com.st.stm32cube.ide.mcu.externaltools.gnu-tools-for-stm32.13.3.rel1.win32_1.0.0.202411081344/tools/bin/../lib/gcc/arm-none-eabi/13.3.1/../../../../arm-none-eabi/lib/thumb/v7e-m+fp/hard\libc_nano.a(libc_a-findfp.o)
 .text.__sfp_lock_acquire
                0x08006098        0xc C:/ST/STM32CubeIDE_1.16.0/STM32CubeIDE/plugins/com.st.stm32cube.ide.mcu.externaltools.gnu-tools-for-stm32.13.3.rel1.win32_1.0.0.202411081344/tools/bin/../lib/gcc/arm-none-eabi/13.3.1/../../../../arm-none-eabi/lib/thumb/v7e-m+fp/hard\libc_nano.a(libc_a-findfp.o)
                0x08006098                __sfp_lock_acquire
 .text.__sfp_lock_release
                0x080060a4        0xc C:/ST/STM32CubeIDE_1.16.0/STM32CubeIDE/plugins/com.st.stm32cube.ide.mcu.externaltools.gnu-tools-for-stm32.13.3.rel1.win32_1.0.0.202411081344/tools/bin/../lib/gcc/arm-none-eabi/13.3.1/../../../../arm-none-eabi/lib/thumb/v7e-m+fp/hard\libc_nano.a(libc_a-findfp.o)
                0x080060a4                __sfp_lock_release
 .text.__sinit  0x080060b0       0x30 C:/ST/STM32CubeIDE_1.16.0/STM32CubeIDE/plugins/com.st.stm32cube.ide.mcu.externaltools.gnu-tools-for-stm32.13.3.rel1.win32_1.0.0.202411081344/tools/bin/../lib/gcc/arm-none-eabi/13.3.1/../../../../arm-none-eabi/lib/thumb/v7e-m+fp/hard\libc_nano.a(libc_a-findfp.o)
                0x080060b0                __sinit
 .text._fwalk_sglue
                0x080060e0       0x3c C:/ST/STM32CubeIDE_1.16.0/STM32CubeIDE/plugins/com.st.stm32cube.ide.mcu.externaltools.gnu-tools-for-stm32.13.3.rel1.win32_1.0.0.202411081344/tools/bin/../lib/gcc/arm-none-eabi/13.3.1/../../../../arm-none-eabi/lib/thumb/v7e-m+fp/hard\libc_nano.a(libc_a-fwalk.o)
                0x080060e0                _fwalk_sglue
 .text.printf   0x0800611c       0x24 C:/ST/STM32CubeIDE_1.16.0/STM32CubeIDE/plugins/com.st.stm32cube.ide.mcu.externaltools.gnu-tools-for-stm32.13.3.rel1.win32_1.0.0.202411081344/tools/bin/../lib/gcc/arm-none-eabi/13.3.1/../../../../arm-none-eabi/lib/thumb/v7e-m+fp/hard\libc_nano.a(libc_a-printf.o)
                0x0800611c                iprintf
                0x0800611c                printf
 .text._puts_r  0x08006140       0xaa C:/ST/STM32CubeIDE_1.16.0/STM32CubeIDE/plugins/com.st.stm32cube.ide.mcu.externaltools.gnu-tools-for-stm32.13.3.rel1.win32_1.0.0.202411081344/tools/bin/../lib/gcc/arm-none-eabi/13.3.1/../../../../arm-none-eabi/lib/thumb/v7e-m+fp/hard\libc_nano.a(libc_a-puts.o)
                0x08006140                _puts_r
 *fill*         0x080061ea        0x2 
 .text.puts     0x080061ec       0x10 C:/ST/STM32CubeIDE_1.16.0/STM32CubeIDE/plugins/com.st.stm32cube.ide.mcu.externaltools.gnu-tools-for-stm32.13.3.rel1.win32_1.0.0.202411081344/tools/bin/../lib/gcc/arm-none-eabi/13.3.1/../../../../arm-none-eabi/lib/thumb/v7e-m+fp/hard\libc_nano.a(libc_a-puts.o)
                0x080061ec                puts
 .text.__sread  0x080061fc       0x22 C:/ST/STM32CubeIDE_1.16.0/STM32CubeIDE/plugins/com.st.stm32cube.ide.mcu.externaltools.gnu-tools-for-stm32.13.3.rel1.win32_1.0.0.202411081344/tools/bin/../lib/gcc/arm-none-eabi/13.3.1/../../../../arm-none-eabi/lib/thumb/v7e-m+fp/hard\libc_nano.a(libc_a-stdio.o)
                0x080061fc                __sread
 .text.__swrite
                0x0800621e       0x38 C:/ST/STM32CubeIDE_1.16.0/STM32CubeIDE/plugins/com.st.stm32cube.ide.mcu.externaltools.gnu-tools-for-stm32.13.3.rel1.win32_1.0.0.202411081344/tools/bin/../lib/gcc/arm-none-eabi/13.3.1/../../../../arm-none-eabi/lib/thumb/v7e-m+fp/hard\libc_nano.a(libc_a-stdio.o)
                0x0800621e                __swrite
 .text.__sseek  0x08006256       0x24 C:/ST/STM32CubeIDE_1.16.0/STM32CubeIDE/plugins/com.st.stm32cube.ide.mcu.externaltools.gnu-tools-for-stm32.13.3.rel1.win32_1.0.0.202411081344/tools/bin/../lib/gcc/arm-none-eabi/13.3.1/../../../../arm-none-eabi/lib/thumb/v7e-m+fp/hard\libc_nano.a(libc_a-stdio.o)
                0x08006256                __sseek
 .text.__sclose
                0x0800627a        0x8 C:/ST/STM32CubeIDE_1.16.0/STM32CubeIDE/plugins/com.st.stm32cube.ide.mcu.externaltools.gnu-tools-for-stm32.13.3.rel1.win32_1.0.0.202411081344/tools/bin/../lib/gcc/arm-none-eabi/13.3.1/../../../../arm-none-eabi/lib/thumb/v7e-m+fp/hard\libc_nano.a(libc_a-stdio.o)
                0x0800627a                __sclose
 .text.__swbuf_r
                0x08006282       0x7c C:/ST/STM32CubeIDE_1.16.0/STM32CubeIDE/plugins/com.st.stm32cube.ide.mcu.externaltools.gnu-tools-for-stm32.13.3.rel1.win32_1.0.0.202411081344/tools/bin/../lib/gcc/arm-none-eabi/13.3.1/../../../../arm-none-eabi/lib/thumb/v7e-m+fp/hard\libc_nano.a(libc_a-wbuf.o)
                0x08006282                __swbuf_r
 *fill*         0x080062fe        0x2 
 .text.__swsetup_r
                0x08006300       0xac C:/ST/STM32CubeIDE_1.16.0/STM32CubeIDE/plugins/com.st.stm32cube.ide.mcu.externaltools.gnu-tools-for-stm32.13.3.rel1.win32_1.0.0.202411081344/tools/bin/../lib/gcc/arm-none-eabi/13.3.1/../../../../arm-none-eabi/lib/thumb/v7e-m+fp/hard\libc_nano.a(libc_a-wsetup.o)
                0x08006300                __swsetup_r
 .text.memset   0x080063ac       0x10 C:/ST/STM32CubeIDE_1.16.0/STM32CubeIDE/plugins/com.st.stm32cube.ide.mcu.externaltools.gnu-tools-for-stm32.13.3.rel1.win32_1.0.0.202411081344/tools/bin/../lib/gcc/arm-none-eabi/13.3.1/../../../../arm-none-eabi/lib/thumb/v7e-m+fp/hard\libc_nano.a(libc_a-memset.o)
                0x080063ac                memset
 .text._close_r
                0x080063bc       0x20 C:/ST/STM32CubeIDE_1.16.0/STM32CubeIDE/plugins/com.st.stm32cube.ide.mcu.externaltools.gnu-tools-for-stm32.13.3.rel1.win32_1.0.0.202411081344/tools/bin/../lib/gcc/arm-none-eabi/13.3.1/../../../../arm-none-eabi/lib/thumb/v7e-m+fp/hard\libc_nano.a(libc_a-closer.o)
                0x080063bc                _close_r
 .text._lseek_r
                0x080063dc       0x24 C:/ST/STM32CubeIDE_1.16.0/STM32CubeIDE/plugins/com.st.stm32cube.ide.mcu.externaltools.gnu-tools-for-stm32.13.3.rel1.win32_1.0.0.202411081344/tools/bin/../lib/gcc/arm-none-eabi/13.3.1/../../../../arm-none-eabi/lib/thumb/v7e-m+fp/hard\libc_nano.a(libc_a-lseekr.o)
                0x080063dc                _lseek_r
 .text._read_r  0x08006400       0x24 C:/ST/STM32CubeIDE_1.16.0/STM32CubeIDE/plugins/com.st.stm32cube.ide.mcu.externaltools.gnu-tools-for-stm32.13.3.rel1.win32_1.0.0.202411081344/tools/bin/../lib/gcc/arm-none-eabi/13.3.1/../../../../arm-none-eabi/lib/thumb/v7e-m+fp/hard\libc_nano.a(libc_a-readr.o)
                0x08006400                _read_r
 .text._write_r
                0x08006424       0x24 C:/ST/STM32CubeIDE_1.16.0/STM32CubeIDE/plugins/com.st.stm32cube.ide.mcu.externaltools.gnu-tools-for-stm32.13.3.rel1.win32_1.0.0.202411081344/tools/bin/../lib/gcc/arm-none-eabi/13.3.1/../../../../arm-none-eabi/lib/thumb/v7e-m+fp/hard\libc_nano.a(libc_a-writer.o)
                0x08006424                _write_r
 .text.__errno  0x08006448        0xc C:/ST/STM32CubeIDE_1.16.0/STM32CubeIDE/plugins/com.st.stm32cube.ide.mcu.externaltools.gnu-tools-for-stm32.13.3.rel1.win32_1.0.0.202411081344/tools/bin/../lib/gcc/arm-none-eabi/13.3.1/../../../../arm-none-eabi/lib/thumb/v7e-m+fp/hard\libc_nano.a(libc_a-errno.o)
                0x08006448                __errno
 .text.__libc_init_array
                0x08006454       0x48 C:/ST/STM32CubeIDE_1.16.0/STM32CubeIDE/plugins/com.st.stm32cube.ide.mcu.externaltools.gnu-tools-for-stm32.13.3.rel1.win32_1.0.0.202411081344/tools/bin/../lib/gcc/arm-none-eabi/13.3.1/../../../../arm-none-eabi/lib/thumb/v7e-m+fp/hard\libc_nano.a(libc_a-init.o)
                0x08006454                __libc_init_array
 .text.__retarget_lock_init_recursive
                0x0800649c        0x2 C:/ST/STM32CubeIDE_1.16.0/STM32CubeIDE/plugins/com.st.stm32cube.ide.mcu.externaltools.gnu-tools-for-stm32.13.3.rel1.win32_1.0.0.202411081344/tools/bin/../lib/gcc/arm-none-eabi/13.3.1/../../../../arm-none-eabi/lib/thumb/v7e-m+fp/hard\libc_nano.a(libc_a-lock.o)
                0x0800649c                __retarget_lock_init_recursive
 .text.__retarget_lock_acquire_recursive
                0x0800649e        0x2 C:/ST/STM32CubeIDE_1.16.0/STM32CubeIDE/plugins/com.st.stm32cube.ide.mcu.externaltools.gnu-tools-for-stm32.13.3.rel1.win32_1.0.0.202411081344/tools/bin/../lib/gcc/arm-none-eabi/13.3.1/../../../../arm-none-eabi/lib/thumb/v7e-m+fp/hard\libc_nano.a(libc_a-lock.o)
                0x0800649e                __retarget_lock_acquire_recursive
 .text.__retarget_lock_release_recursive
                0x080064a0        0x2 C:/ST/STM32CubeIDE_1.16.0/STM32CubeIDE/plugins/com.st.stm32cube.ide.mcu.externaltools.gnu-tools-for-stm32.13.3.rel1.win32_1.0.0.202411081344/tools/bin/../lib/gcc/arm-none-eabi/13.3.1/../../../../arm-none-eabi/lib/thumb/v7e-m+fp/hard\libc_nano.a(libc_a-lock.o)
                0x080064a0                __retarget_lock_release_recursive
 *fill*         0x080064a2        0x2 
 .text._free_r  0x080064a4       0x94 C:/ST/STM32CubeIDE_1.16.0/STM32CubeIDE/plugins/com.st.stm32cube.ide.mcu.externaltools.gnu-tools-for-stm32.13.3.rel1.win32_1.0.0.202411081344/tools/bin/../lib/gcc/arm-none-eabi/13.3.1/../../../../arm-none-eabi/lib/thumb/v7e-m+fp/hard\libc_nano.a(libc_a-freer.o)
                0x080064a4                _free_r
 .text.sbrk_aligned
                0x08006538       0x44 C:/ST/STM32CubeIDE_1.16.0/STM32CubeIDE/plugins/com.st.stm32cube.ide.mcu.externaltools.gnu-tools-for-stm32.13.3.rel1.win32_1.0.0.202411081344/tools/bin/../lib/gcc/arm-none-eabi/13.3.1/../../../../arm-none-eabi/lib/thumb/v7e-m+fp/hard\libc_nano.a(libc_a-mallocr.o)
 .text._malloc_r
                0x0800657c      0x100 C:/ST/STM32CubeIDE_1.16.0/STM32CubeIDE/plugins/com.st.stm32cube.ide.mcu.externaltools.gnu-tools-for-stm32.13.3.rel1.win32_1.0.0.202411081344/tools/bin/../lib/gcc/arm-none-eabi/13.3.1/../../../../arm-none-eabi/lib/thumb/v7e-m+fp/hard\libc_nano.a(libc_a-mallocr.o)
                0x0800657c                _malloc_r
 .text.__malloc_lock
                0x0800667c        0xc C:/ST/STM32CubeIDE_1.16.0/STM32CubeIDE/plugins/com.st.stm32cube.ide.mcu.externaltools.gnu-tools-for-stm32.13.3.rel1.win32_1.0.0.202411081344/tools/bin/../lib/gcc/arm-none-eabi/13.3.1/../../../../arm-none-eabi/lib/thumb/v7e-m+fp/hard\libc_nano.a(libc_a-mlock.o)
                0x0800667c                __malloc_lock
 .text.__malloc_unlock
                0x08006688        0xc C:/ST/STM32CubeIDE_1.16.0/STM32CubeIDE/plugins/com.st.stm32cube.ide.mcu.externaltools.gnu-tools-for-stm32.13.3.rel1.win32_1.0.0.202411081344/tools/bin/../lib/gcc/arm-none-eabi/13.3.1/../../../../arm-none-eabi/lib/thumb/v7e-m+fp/hard\libc_nano.a(libc_a-mlock.o)
                0x08006688                __malloc_unlock
 .text.__sfputc_r
                0x08006694       0x2e C:/ST/STM32CubeIDE_1.16.0/STM32CubeIDE/plugins/com.st.stm32cube.ide.mcu.externaltools.gnu-tools-for-stm32.13.3.rel1.win32_1.0.0.202411081344/tools/bin/../lib/gcc/arm-none-eabi/13.3.1/../../../../arm-none-eabi/lib/thumb/v7e-m+fp/hard\libc_nano.a(libc_a-nano-vfprintf.o)
 .text.__sfputs_r
                0x080066c2       0x24 C:/ST/STM32CubeIDE_1.16.0/STM32CubeIDE/plugins/com.st.stm32cube.ide.mcu.externaltools.gnu-tools-for-stm32.13.3.rel1.win32_1.0.0.202411081344/tools/bin/../lib/gcc/arm-none-eabi/13.3.1/../../../../arm-none-eabi/lib/thumb/v7e-m+fp/hard\libc_nano.a(libc_a-nano-vfprintf.o)
                0x080066c2                __sfputs_r
 *fill*         0x080066e6        0x2 
 .text._vfprintf_r
                0x080066e8      0x230 C:/ST/STM32CubeIDE_1.16.0/STM32CubeIDE/plugins/com.st.stm32cube.ide.mcu.externaltools.gnu-tools-for-stm32.13.3.rel1.win32_1.0.0.202411081344/tools/bin/../lib/gcc/arm-none-eabi/13.3.1/../../../../arm-none-eabi/lib/thumb/v7e-m+fp/hard\libc_nano.a(libc_a-nano-vfprintf.o)
                0x080066e8                _vfprintf_r
                0x080066e8                _vfiprintf_r
 .text._printf_common
                0x08006918       0xda C:/ST/STM32CubeIDE_1.16.0/STM32CubeIDE/plugins/com.st.stm32cube.ide.mcu.externaltools.gnu-tools-for-stm32.13.3.rel1.win32_1.0.0.202411081344/tools/bin/../lib/gcc/arm-none-eabi/13.3.1/../../../../arm-none-eabi/lib/thumb/v7e-m+fp/hard\libc_nano.a(libc_a-nano-vfprintf_i.o)
                0x08006918                _printf_common
 *fill*         0x080069f2        0x2 
 .text._printf_i
                0x080069f4      0x23c C:/ST/STM32CubeIDE_1.16.0/STM32CubeIDE/plugins/com.st.stm32cube.ide.mcu.externaltools.gnu-tools-for-stm32.13.3.rel1.win32_1.0.0.202411081344/tools/bin/../lib/gcc/arm-none-eabi/13.3.1/../../../../arm-none-eabi/lib/thumb/v7e-m+fp/hard\libc_nano.a(libc_a-nano-vfprintf_i.o)
                0x080069f4                _printf_i
 .text.__sflush_r
                0x08006c30      0x108 C:/ST/STM32CubeIDE_1.16.0/STM32CubeIDE/plugins/com.st.stm32cube.ide.mcu.externaltools.gnu-tools-for-stm32.13.3.rel1.win32_1.0.0.202411081344/tools/bin/../lib/gcc/arm-none-eabi/13.3.1/../../../../arm-none-eabi/lib/thumb/v7e-m+fp/hard\libc_nano.a(libc_a-fflush.o)
                0x08006c30                __sflush_r
 .text._fflush_r
                0x08006d38       0x50 C:/ST/STM32CubeIDE_1.16.0/STM32CubeIDE/plugins/com.st.stm32cube.ide.mcu.externaltools.gnu-tools-for-stm32.13.3.rel1.win32_1.0.0.202411081344/tools/bin/../lib/gcc/arm-none-eabi/13.3.1/../../../../arm-none-eabi/lib/thumb/v7e-m+fp/hard\libc_nano.a(libc_a-fflush.o)
                0x08006d38                _fflush_r
 .text.__swhatbuf_r
                0x08006d88       0x4c C:/ST/STM32CubeIDE_1.16.0/STM32CubeIDE/plugins/com.st.stm32cube.ide.mcu.externaltools.gnu-tools-for-stm32.13.3.rel1.win32_1.0.0.202411081344/tools/bin/../lib/gcc/arm-none-eabi/13.3.1/../../../../arm-none-eabi/lib/thumb/v7e-m+fp/hard\libc_nano.a(libc_a-makebuf.o)
                0x08006d88                __swhatbuf_r
 .text.__smakebuf_r
                0x08006dd4       0x78 C:/ST/STM32CubeIDE_1.16.0/STM32CubeIDE/plugins/com.st.stm32cube.ide.mcu.externaltools.gnu-tools-for-stm32.13.3.rel1.win32_1.0.0.202411081344/tools/bin/../lib/gcc/arm-none-eabi/13.3.1/../../../../arm-none-eabi/lib/thumb/v7e-m+fp/hard\libc_nano.a(libc_a-makebuf.o)
                0x08006dd4                __smakebuf_r
 .text._fstat_r
                0x08006e4c       0x24 C:/ST/STM32CubeIDE_1.16.0/STM32CubeIDE/plugins/com.st.stm32cube.ide.mcu.externaltools.gnu-tools-for-stm32.13.3.rel1.win32_1.0.0.202411081344/tools/bin/../lib/gcc/arm-none-eabi/13.3.1/../../../../arm-none-eabi/lib/thumb/v7e-m+fp/hard\libc_nano.a(libc_a-fstatr.o)
                0x08006e4c                _fstat_r
 .text._isatty_r
                0x08006e70       0x20 C:/ST/STM32CubeIDE_1.16.0/STM32CubeIDE/plugins/com.st.stm32cube.ide.mcu.externaltools.gnu-tools-for-stm32.13.3.rel1.win32_1.0.0.202411081344/tools/bin/../lib/gcc/arm-none-eabi/13.3.1/../../../../arm-none-eabi/lib/thumb/v7e-m+fp/hard\libc_nano.a(libc_a-isattyr.o)
                0x08006e70                _isatty_r
 .text._sbrk_r  0x08006e90       0x20 C:/ST/STM32CubeIDE_1.16.0/STM32CubeIDE/plugins/com.st.stm32cube.ide.mcu.externaltools.gnu-tools-for-stm32.13.3.rel1.win32_1.0.0.202411081344/tools/bin/../lib/gcc/arm-none-eabi/13.3.1/../../../../arm-none-eabi/lib/thumb/v7e-m+fp/hard\libc_nano.a(libc_a-sbrkr.o)
                0x08006e90                _sbrk_r
 *(.glue_7)
 .glue_7        0x08006eb0        0x0 linker stubs
 *(.glue_7t)
 .glue_7t       0x08006eb0        0x0 linker stubs
 *(.eh_frame)
 .eh_frame      0x08006eb0        0x0 C:/ST/STM32CubeIDE_1.16.0/STM32CubeIDE/plugins/com.st.stm32cube.ide.mcu.externaltools.gnu-tools-for-stm32.13.3.rel1.win32_1.0.0.202411081344/tools/bin/../lib/gcc/arm-none-eabi/13.3.1/thumb/v7e-m+fp/hard/crtbegin.o
 *(.init)
 .init          0x08006eb0        0x4 C:/ST/STM32CubeIDE_1.16.0/STM32CubeIDE/plugins/com.st.stm32cube.ide.mcu.externaltools.gnu-tools-for-stm32.13.3.rel1.win32_1.0.0.202411081344/tools/bin/../lib/gcc/arm-none-eabi/13.3.1/thumb/v7e-m+fp/hard/crti.o
                0x08006eb0                _init
 .init          0x08006eb4        0x8 C:/ST/STM32CubeIDE_1.16.0/STM32CubeIDE/plugins/com.st.stm32cube.ide.mcu.externaltools.gnu-tools-for-stm32.13.3.rel1.win32_1.0.0.202411081344/tools/bin/../lib/gcc/arm-none-eabi/13.3.1/thumb/v7e-m+fp/hard/crtn.o
 *(.fini)
 .fini          0x08006ebc        0x4 C:/ST/STM32CubeIDE_1.16.0/STM32CubeIDE/plugins/com.st.stm32cube.ide.mcu.externaltools.gnu-tools-for-stm32.13.3.rel1.win32_1.0.0.202411081344/tools/bin/../lib/gcc/arm-none-eabi/13.3.1/thumb/v7e-m+fp/hard/crti.o
                0x08006ebc                _fini
 .fini          0x08006ec0        0x8 C:/ST/STM32CubeIDE_1.16.0/STM32CubeIDE/plugins/com.st.stm32cube.ide.mcu.externaltools.gnu-tools-for-stm32.13.3.rel1.win32_1.0.0.202411081344/tools/bin/../lib/gcc/arm-none-eabi/13.3.1/thumb/v7e-m+fp/hard/crtn.o
                0x08006ec8                        . = ALIGN (0x4)
                0x08006ec8                        _etext = .

.vfp11_veneer   0x08006ec8        0x0
 .vfp11_veneer  0x08006ec8        0x0 linker stubs

.v4_bx          0x08006ec8        0x0
 .v4_bx         0x08006ec8        0x0 linker stubs

.iplt           0x08006ec8        0x0
 .iplt          0x08006ec8        0x0 C:/ST/STM32CubeIDE_1.16.0/STM32CubeIDE/plugins/com.st.stm32cube.ide.mcu.externaltools.gnu-tools-for-stm32.13.3.rel1.win32_1.0.0.202411081344/tools/bin/../lib/gcc/arm-none-eabi/13.3.1/thumb/v7e-m+fp/hard/crtbegin.o

.rodata         0x08006ec8     0x1240
                0x08006ec8                        . = ALIGN (0x4)
 *(.rodata)
 .rodata        0x08006ec8       0x21 ./Core/Src/ApplicationCode.o
 *(.rodata*)
 *fill*         0x08006ee9        0x3 
 .rodata.ASCII16x24_Table
                0x08006eec     0x11d0 ./Core/Src/fonts.o
                0x08006eec                ASCII16x24_Table
 .rodata.AHBPrescTable
                0x080080bc       0x10 ./Core/Src/system_stm32f4xx.o
                0x080080bc                AHBPrescTable
 .rodata.APBPrescTable
                0x080080cc        0x8 ./Core/Src/system_stm32f4xx.o
                0x080080cc                APBPrescTable
 .rodata._vfprintf_r.str1.1
                0x080080d4       0x33 C:/ST/STM32CubeIDE_1.16.0/STM32CubeIDE/plugins/com.st.stm32cube.ide.mcu.externaltools.gnu-tools-for-stm32.13.3.rel1.win32_1.0.0.202411081344/tools/bin/../lib/gcc/arm-none-eabi/13.3.1/../../../../arm-none-eabi/lib/thumb/v7e-m+fp/hard\libc_nano.a(libc_a-nano-vfprintf.o)
                                 0x11 (size before relaxing)
 .rodata._printf_i.str1.1
                0x08008107       0x22 C:/ST/STM32CubeIDE_1.16.0/STM32CubeIDE/plugins/com.st.stm32cube.ide.mcu.externaltools.gnu-tools-for-stm32.13.3.rel1.win32_1.0.0.202411081344/tools/bin/../lib/gcc/arm-none-eabi/13.3.1/../../../../arm-none-eabi/lib/thumb/v7e-m+fp/hard\libc_nano.a(libc_a-nano-vfprintf_i.o)
                0x0800812c                        . = ALIGN (0x4)
 *fill*         0x08008107        0x1 

.ARM.extab      0x08008108        0x0
                0x08008108                        . = ALIGN (0x4)
 *(.ARM.extab* .gnu.linkonce.armextab.*)
                0x08008108                        . = ALIGN (0x4)

.ARM            0x08008108        0x8
                0x08008108                        . = ALIGN (0x4)
                0x08008108                        __exidx_start = .
 *(.ARM.exidx*)
 .ARM.exidx     0x08008108        0x8 C:/ST/STM32CubeIDE_1.16.0/STM32CubeIDE/plugins/com.st.stm32cube.ide.mcu.externaltools.gnu-tools-for-stm32.13.3.rel1.win32_1.0.0.202411081344/tools/bin/../lib/gcc/arm-none-eabi/13.3.1/../../../../arm-none-eabi/lib/thumb/v7e-m+fp/hard\libc_nano.a(libc_a-memchr.o)
 .ARM.exidx     0x08008110        0x0 C:/ST/STM32CubeIDE_1.16.0/STM32CubeIDE/plugins/com.st.stm32cube.ide.mcu.externaltools.gnu-tools-for-stm32.13.3.rel1.win32_1.0.0.202411081344/tools/bin/../lib/gcc/arm-none-eabi/13.3.1/thumb/v7e-m+fp/hard\libgcc.a(_udivmoddi4.o)
                                  0x8 (size before relaxing)
                0x08008110                        __exidx_end = .
                0x08008110                        . = ALIGN (0x4)

.preinit_array  0x08008110        0x0
                0x08008110                        . = ALIGN (0x4)
                0x08008110                        PROVIDE (__preinit_array_start = .)
 *(.preinit_array*)
                0x08008110                        PROVIDE (__preinit_array_end = .)
                0x08008110                        . = ALIGN (0x4)

.init_array     0x08008110        0x4
                0x08008110                        . = ALIGN (0x4)
                0x08008110                        PROVIDE (__init_array_start = .)
 *(SORT_BY_NAME(.init_array.*))
 *(.init_array*)
 .init_array    0x08008110        0x4 C:/ST/STM32CubeIDE_1.16.0/STM32CubeIDE/plugins/com.st.stm32cube.ide.mcu.externaltools.gnu-tools-for-stm32.13.3.rel1.win32_1.0.0.202411081344/tools/bin/../lib/gcc/arm-none-eabi/13.3.1/thumb/v7e-m+fp/hard/crtbegin.o
                0x08008114                        PROVIDE (__init_array_end = .)
                0x08008114                        . = ALIGN (0x4)

.fini_array     0x08008114        0x4
                0x08008114                        . = ALIGN (0x4)
                [!provide]                        PROVIDE (__fini_array_start = .)
 *(SORT_BY_NAME(.fini_array.*))
 *(.fini_array*)
 .fini_array    0x08008114        0x4 C:/ST/STM32CubeIDE_1.16.0/STM32CubeIDE/plugins/com.st.stm32cube.ide.mcu.externaltools.gnu-tools-for-stm32.13.3.rel1.win32_1.0.0.202411081344/tools/bin/../lib/gcc/arm-none-eabi/13.3.1/thumb/v7e-m+fp/hard/crtbegin.o
                [!provide]                        PROVIDE (__fini_array_end = .)
                0x08008118                        . = ALIGN (0x4)
                0x08008118                        _sidata = LOADADDR (.data)

.rel.dyn        0x08008118        0x0
 .rel.iplt      0x08008118        0x0 C:/ST/STM32CubeIDE_1.16.0/STM32CubeIDE/plugins/com.st.stm32cube.ide.mcu.externaltools.gnu-tools-for-stm32.13.3.rel1.win32_1.0.0.202411081344/tools/bin/../lib/gcc/arm-none-eabi/13.3.1/thumb/v7e-m+fp/hard/crtbegin.o

.data           0x20000000       0x78 load address 0x08008118
                0x20000000                        . = ALIGN (0x4)
                0x20000000                        _sdata = .
 *(.data)
 *(.data*)
 .data.CurrentTextColor
                0x20000000        0x2 ./Core/Src/LCD_Driver.o
 *fill*         0x20000002        0x2 
 .data.Font16x24
                0x20000004        0x8 ./Core/Src/fonts.o
                0x20000004                Font16x24
 .data.SpiTimeout
                0x2000000c        0x4 ./Core/Src/ili9341.o
                0x2000000c                SpiTimeout
 .data.SystemCoreClock
                0x20000010        0x4 ./Core/Src/system_stm32f4xx.o
                0x20000010                SystemCoreClock
 .data.uwTickPrio
                0x20000014        0x4 ./Drivers/STM32F4xx_HAL_Driver/Src/stm32f4xx_hal.o
                0x20000014                uwTickPrio
 .data.uwTickFreq
                0x20000018        0x1 ./Drivers/STM32F4xx_HAL_Driver/Src/stm32f4xx_hal.o
                0x20000018                uwTickFreq
 *fill*         0x20000019        0x3 
 .data.__sglue  0x2000001c        0xc C:/ST/STM32CubeIDE_1.16.0/STM32CubeIDE/plugins/com.st.stm32cube.ide.mcu.externaltools.gnu-tools-for-stm32.13.3.rel1.win32_1.0.0.202411081344/tools/bin/../lib/gcc/arm-none-eabi/13.3.1/../../../../arm-none-eabi/lib/thumb/v7e-m+fp/hard\libc_nano.a(libc_a-findfp.o)
                0x2000001c                __sglue
 .data._impure_ptr
                0x20000028        0x4 C:/ST/STM32CubeIDE_1.16.0/STM32CubeIDE/plugins/com.st.stm32cube.ide.mcu.externaltools.gnu-tools-for-stm32.13.3.rel1.win32_1.0.0.202411081344/tools/bin/../lib/gcc/arm-none-eabi/13.3.1/../../../../arm-none-eabi/lib/thumb/v7e-m+fp/hard\libc_nano.a(libc_a-impure.o)
                0x20000028                _impure_ptr
 .data._impure_data
                0x2000002c       0x4c C:/ST/STM32CubeIDE_1.16.0/STM32CubeIDE/plugins/com.st.stm32cube.ide.mcu.externaltools.gnu-tools-for-stm32.13.3.rel1.win32_1.0.0.202411081344/tools/bin/../lib/gcc/arm-none-eabi/13.3.1/../../../../arm-none-eabi/lib/thumb/v7e-m+fp/hard\libc_nano.a(libc_a-impure.o)
                0x2000002c                _impure_data
 *(.RamFunc)
 *(.RamFunc*)
                0x20000078                        . = ALIGN (0x4)
                0x20000078                        _edata = .
                0x08008190                        _siccmram = LOADADDR (.ccmram)

.igot.plt       0x20000078        0x0 load address 0x08008190
 .igot.plt      0x20000078        0x0 C:/ST/STM32CubeIDE_1.16.0/STM32CubeIDE/plugins/com.st.stm32cube.ide.mcu.externaltools.gnu-tools-for-stm32.13.3.rel1.win32_1.0.0.202411081344/tools/bin/../lib/gcc/arm-none-eabi/13.3.1/thumb/v7e-m+fp/hard/crtbegin.o

.ccmram         0x10000000        0x0 load address 0x08008190
                0x10000000                        . = ALIGN (0x4)
                0x10000000                        _sccmram = .
 *(.ccmram)
 *(.ccmram*)
                0x10000000                        . = ALIGN (0x4)
                0x10000000                        _eccmram = .
                0x10000000                        . = ALIGN (0x4)

.bss            0x20000078    0x25cb4
                0x20000078                        _sbss = .
                0x20000078                        __bss_start__ = _sbss
 *(.bss)
 .bss           0x20000078       0x1c C:/ST/STM32CubeIDE_1.16.0/STM32CubeIDE/plugins/com.st.stm32cube.ide.mcu.externaltools.gnu-tools-for-stm32.13.3.rel1.win32_1.0.0.202411081344/tools/bin/../lib/gcc/arm-none-eabi/13.3.1/thumb/v7e-m+fp/hard/crtbegin.o
 *(.bss*)
 .bss.StaticTouchData
                0x20000094        0x8 ./Core/Src/ApplicationCode.o
 .bss.hltdc     0x2000009c       0xa8 ./Core/Src/LCD_Driver.o
 .bss.PeriphClkInitStruct
                0x20000144       0x30 ./Core/Src/LCD_Driver.o
 .bss.LCD_Currentfonts
                0x20000174        0x4 ./Core/Src/LCD_Driver.o
 .bss.frameBuffer
                0x20000178    0x25800 ./Core/Src/LCD_Driver.o
                0x20000178                frameBuffer
 .bss.SpiHandle
                0x20025978       0x58 ./Core/Src/ili9341.o
 .bss.Is_LCD_IO_Initialized
                0x200259d0        0x1 ./Core/Src/ili9341.o
 *fill*         0x200259d1        0x3 
 .bss.hi2c3     0x200259d4       0x54 ./Core/Src/main.o
                0x200259d4                hi2c3
 .bss.hltdc     0x20025a28       0xa8 ./Core/Src/main.o
                0x20025a28                hltdc
 .bss.hrng      0x20025ad0       0x10 ./Core/Src/main.o
                0x20025ad0                hrng
 .bss.hspi5     0x20025ae0       0x58 ./Core/Src/main.o
                0x20025ae0                hspi5
 .bss.htim2     0x20025b38       0x48 ./Core/Src/main.o
                0x20025b38                htim2
 .bss.hI2C3     0x20025b80       0x54 ./Core/Src/stmpe811.o
 .bss.HAL_status
                0x20025bd4        0x1 ./Core/Src/stmpe811.o
 *fill*         0x20025bd5        0x3 
 .bss.__sbrk_heap_end
                0x20025bd8        0x4 ./Core/Src/sysmem.o
 .bss.uwTick    0x20025bdc        0x4 ./Drivers/STM32F4xx_HAL_Driver/Src/stm32f4xx_hal.o
                0x20025bdc                uwTick
 .bss.__sf      0x20025be0      0x138 C:/ST/STM32CubeIDE_1.16.0/STM32CubeIDE/plugins/com.st.stm32cube.ide.mcu.externaltools.gnu-tools-for-stm32.13.3.rel1.win32_1.0.0.202411081344/tools/bin/../lib/gcc/arm-none-eabi/13.3.1/../../../../arm-none-eabi/lib/thumb/v7e-m+fp/hard\libc_nano.a(libc_a-findfp.o)
                0x20025be0                __sf
 .bss.__stdio_exit_handler
                0x20025d18        0x4 C:/ST/STM32CubeIDE_1.16.0/STM32CubeIDE/plugins/com.st.stm32cube.ide.mcu.externaltools.gnu-tools-for-stm32.13.3.rel1.win32_1.0.0.202411081344/tools/bin/../lib/gcc/arm-none-eabi/13.3.1/../../../../arm-none-eabi/lib/thumb/v7e-m+fp/hard\libc_nano.a(libc_a-findfp.o)
                0x20025d18                __stdio_exit_handler
 .bss.errno     0x20025d1c        0x4 C:/ST/STM32CubeIDE_1.16.0/STM32CubeIDE/plugins/com.st.stm32cube.ide.mcu.externaltools.gnu-tools-for-stm32.13.3.rel1.win32_1.0.0.202411081344/tools/bin/../lib/gcc/arm-none-eabi/13.3.1/../../../../arm-none-eabi/lib/thumb/v7e-m+fp/hard\libc_nano.a(libc_a-reent.o)
                0x20025d1c                errno
 .bss.__lock___malloc_recursive_mutex
                0x20025d20        0x1 C:/ST/STM32CubeIDE_1.16.0/STM32CubeIDE/plugins/com.st.stm32cube.ide.mcu.externaltools.gnu-tools-for-stm32.13.3.rel1.win32_1.0.0.202411081344/tools/bin/../lib/gcc/arm-none-eabi/13.3.1/../../../../arm-none-eabi/lib/thumb/v7e-m+fp/hard\libc_nano.a(libc_a-lock.o)
                0x20025d20                __lock___malloc_recursive_mutex
 .bss.__lock___sfp_recursive_mutex
                0x20025d21        0x1 C:/ST/STM32CubeIDE_1.16.0/STM32CubeIDE/plugins/com.st.stm32cube.ide.mcu.externaltools.gnu-tools-for-stm32.13.3.rel1.win32_1.0.0.202411081344/tools/bin/../lib/gcc/arm-none-eabi/13.3.1/../../../../arm-none-eabi/lib/thumb/v7e-m+fp/hard\libc_nano.a(libc_a-lock.o)
                0x20025d21                __lock___sfp_recursive_mutex
 *fill*         0x20025d22        0x2 
 .bss.__malloc_sbrk_start
                0x20025d24        0x4 C:/ST/STM32CubeIDE_1.16.0/STM32CubeIDE/plugins/com.st.stm32cube.ide.mcu.externaltools.gnu-tools-for-stm32.13.3.rel1.win32_1.0.0.202411081344/tools/bin/../lib/gcc/arm-none-eabi/13.3.1/../../../../arm-none-eabi/lib/thumb/v7e-m+fp/hard\libc_nano.a(libc_a-mallocr.o)
                0x20025d24                __malloc_sbrk_start
 .bss.__malloc_free_list
                0x20025d28        0x4 C:/ST/STM32CubeIDE_1.16.0/STM32CubeIDE/plugins/com.st.stm32cube.ide.mcu.externaltools.gnu-tools-for-stm32.13.3.rel1.win32_1.0.0.202411081344/tools/bin/../lib/gcc/arm-none-eabi/13.3.1/../../../../arm-none-eabi/lib/thumb/v7e-m+fp/hard\libc_nano.a(libc_a-mallocr.o)
                0x20025d28                __malloc_free_list
 *(COMMON)
                0x20025d2c                        . = ALIGN (0x4)
                0x20025d2c                        _ebss = .
                0x20025d2c                        __bss_end__ = _ebss

._user_heap_stack
                0x20025d2c      0x604
                0x20025d30                        . = ALIGN (0x8)
 *fill*         0x20025d2c        0x4 
                [!provide]                        PROVIDE (end = .)
                0x20025d30                        PROVIDE (_end = .)
                0x20025f30                        . = (. + _Min_Heap_Size)
 *fill*         0x20025d30      0x200 
                0x20026330                        . = (. + _Min_Stack_Size)
 *fill*         0x20025f30      0x400 
                0x20026330                        . = ALIGN (0x8)

/DISCARD/
 libc.a(*)
 libm.a(*)
 libgcc.a(*)

.ARM.attributes
                0x00000000       0x30
 *(.ARM.attributes)
 .ARM.attributes
                0x00000000       0x22 C:/ST/STM32CubeIDE_1.16.0/STM32CubeIDE/plugins/com.st.stm32cube.ide.mcu.externaltools.gnu-tools-for-stm32.13.3.rel1.win32_1.0.0.202411081344/tools/bin/../lib/gcc/arm-none-eabi/13.3.1/thumb/v7e-m+fp/hard/crti.o
 .ARM.attributes
                0x00000022       0x34 C:/ST/STM32CubeIDE_1.16.0/STM32CubeIDE/plugins/com.st.stm32cube.ide.mcu.externaltools.gnu-tools-for-stm32.13.3.rel1.win32_1.0.0.202411081344/tools/bin/../lib/gcc/arm-none-eabi/13.3.1/thumb/v7e-m+fp/hard/crtbegin.o
 .ARM.attributes
                0x00000056       0x34 ./Core/Src/ApplicationCode.o
 .ARM.attributes
                0x0000008a       0x34 ./Core/Src/LCD_Driver.o
 .ARM.attributes
                0x000000be       0x34 ./Core/Src/fonts.o
 .ARM.attributes
                0x000000f2       0x34 ./Core/Src/ili9341.o
 .ARM.attributes
                0x00000126       0x34 ./Core/Src/main.o
 .ARM.attributes
                0x0000015a       0x34 ./Core/Src/stm32f4xx_hal_msp.o
 .ARM.attributes
                0x0000018e       0x34 ./Core/Src/stm32f4xx_it.o
 .ARM.attributes
                0x000001c2       0x34 ./Core/Src/stmpe811.o
 .ARM.attributes
                0x000001f6       0x34 ./Core/Src/syscalls.o
 .ARM.attributes
                0x0000022a       0x34 ./Core/Src/sysmem.o
 .ARM.attributes
                0x0000025e       0x34 ./Core/Src/system_stm32f4xx.o
 .ARM.attributes
                0x00000292       0x21 ./Core/Startup/startup_stm32f429zitx.o
 .ARM.attributes
                0x000002b3       0x34 ./Drivers/STM32F4xx_HAL_Driver/Src/stm32f4xx_hal.o
 .ARM.attributes
                0x000002e7       0x34 ./Drivers/STM32F4xx_HAL_Driver/Src/stm32f4xx_hal_cortex.o
 .ARM.attributes
                0x0000031b       0x34 ./Drivers/STM32F4xx_HAL_Driver/Src/stm32f4xx_hal_gpio.o
 .ARM.attributes
                0x0000034f       0x34 ./Drivers/STM32F4xx_HAL_Driver/Src/stm32f4xx_hal_i2c.o
 .ARM.attributes
                0x00000383       0x34 ./Drivers/STM32F4xx_HAL_Driver/Src/stm32f4xx_hal_i2c_ex.o
 .ARM.attributes
                0x000003b7       0x34 ./Drivers/STM32F4xx_HAL_Driver/Src/stm32f4xx_hal_ltdc.o
 .ARM.attributes
                0x000003eb       0x34 ./Drivers/STM32F4xx_HAL_Driver/Src/stm32f4xx_hal_rcc.o
 .ARM.attributes
                0x0000041f       0x34 ./Drivers/STM32F4xx_HAL_Driver/Src/stm32f4xx_hal_rcc_ex.o
 .ARM.attributes
                0x00000453       0x34 ./Drivers/STM32F4xx_HAL_Driver/Src/stm32f4xx_hal_rng.o
 .ARM.attributes
                0x00000487       0x34 ./Drivers/STM32F4xx_HAL_Driver/Src/stm32f4xx_hal_spi.o
 .ARM.attributes
                0x000004bb       0x34 ./Drivers/STM32F4xx_HAL_Driver/Src/stm32f4xx_hal_tim.o
 .ARM.attributes
                0x000004ef       0x34 ./Drivers/STM32F4xx_HAL_Driver/Src/stm32f4xx_hal_tim_ex.o
 .ARM.attributes
                0x00000523       0x34 C:/ST/STM32CubeIDE_1.16.0/STM32CubeIDE/plugins/com.st.stm32cube.ide.mcu.externaltools.gnu-tools-for-stm32.13.3.rel1.win32_1.0.0.202411081344/tools/bin/../lib/gcc/arm-none-eabi/13.3.1/../../../../arm-none-eabi/lib/thumb/v7e-m+fp/hard\libc_nano.a(libc_a-findfp.o)
 .ARM.attributes
                0x00000557       0x34 C:/ST/STM32CubeIDE_1.16.0/STM32CubeIDE/plugins/com.st.stm32cube.ide.mcu.externaltools.gnu-tools-for-stm32.13.3.rel1.win32_1.0.0.202411081344/tools/bin/../lib/gcc/arm-none-eabi/13.3.1/../../../../arm-none-eabi/lib/thumb/v7e-m+fp/hard\libc_nano.a(libc_a-fwalk.o)
 .ARM.attributes
                0x0000058b       0x34 C:/ST/STM32CubeIDE_1.16.0/STM32CubeIDE/plugins/com.st.stm32cube.ide.mcu.externaltools.gnu-tools-for-stm32.13.3.rel1.win32_1.0.0.202411081344/tools/bin/../lib/gcc/arm-none-eabi/13.3.1/../../../../arm-none-eabi/lib/thumb/v7e-m+fp/hard\libc_nano.a(libc_a-printf.o)
 .ARM.attributes
                0x000005bf       0x34 C:/ST/STM32CubeIDE_1.16.0/STM32CubeIDE/plugins/com.st.stm32cube.ide.mcu.externaltools.gnu-tools-for-stm32.13.3.rel1.win32_1.0.0.202411081344/tools/bin/../lib/gcc/arm-none-eabi/13.3.1/../../../../arm-none-eabi/lib/thumb/v7e-m+fp/hard\libc_nano.a(libc_a-puts.o)
 .ARM.attributes
                0x000005f3       0x34 C:/ST/STM32CubeIDE_1.16.0/STM32CubeIDE/plugins/com.st.stm32cube.ide.mcu.externaltools.gnu-tools-for-stm32.13.3.rel1.win32_1.0.0.202411081344/tools/bin/../lib/gcc/arm-none-eabi/13.3.1/../../../../arm-none-eabi/lib/thumb/v7e-m+fp/hard\libc_nano.a(libc_a-stdio.o)
 .ARM.attributes
                0x00000627       0x34 C:/ST/STM32CubeIDE_1.16.0/STM32CubeIDE/plugins/com.st.stm32cube.ide.mcu.externaltools.gnu-tools-for-stm32.13.3.rel1.win32_1.0.0.202411081344/tools/bin/../lib/gcc/arm-none-eabi/13.3.1/../../../../arm-none-eabi/lib/thumb/v7e-m+fp/hard\libc_nano.a(libc_a-wbuf.o)
 .ARM.attributes
                0x0000065b       0x34 C:/ST/STM32CubeIDE_1.16.0/STM32CubeIDE/plugins/com.st.stm32cube.ide.mcu.externaltools.gnu-tools-for-stm32.13.3.rel1.win32_1.0.0.202411081344/tools/bin/../lib/gcc/arm-none-eabi/13.3.1/../../../../arm-none-eabi/lib/thumb/v7e-m+fp/hard\libc_nano.a(libc_a-wsetup.o)
 .ARM.attributes
                0x0000068f       0x34 C:/ST/STM32CubeIDE_1.16.0/STM32CubeIDE/plugins/com.st.stm32cube.ide.mcu.externaltools.gnu-tools-for-stm32.13.3.rel1.win32_1.0.0.202411081344/tools/bin/../lib/gcc/arm-none-eabi/13.3.1/../../../../arm-none-eabi/lib/thumb/v7e-m+fp/hard\libc_nano.a(libc_a-memset.o)
 .ARM.attributes
                0x000006c3       0x34 C:/ST/STM32CubeIDE_1.16.0/STM32CubeIDE/plugins/com.st.stm32cube.ide.mcu.externaltools.gnu-tools-for-stm32.13.3.rel1.win32_1.0.0.202411081344/tools/bin/../lib/gcc/arm-none-eabi/13.3.1/../../../../arm-none-eabi/lib/thumb/v7e-m+fp/hard\libc_nano.a(libc_a-closer.o)
 .ARM.attributes
                0x000006f7       0x34 C:/ST/STM32CubeIDE_1.16.0/STM32CubeIDE/plugins/com.st.stm32cube.ide.mcu.externaltools.gnu-tools-for-stm32.13.3.rel1.win32_1.0.0.202411081344/tools/bin/../lib/gcc/arm-none-eabi/13.3.1/../../../../arm-none-eabi/lib/thumb/v7e-m+fp/hard\libc_nano.a(libc_a-reent.o)
 .ARM.attributes
                0x0000072b       0x34 C:/ST/STM32CubeIDE_1.16.0/STM32CubeIDE/plugins/com.st.stm32cube.ide.mcu.externaltools.gnu-tools-for-stm32.13.3.rel1.win32_1.0.0.202411081344/tools/bin/../lib/gcc/arm-none-eabi/13.3.1/../../../../arm-none-eabi/lib/thumb/v7e-m+fp/hard\libc_nano.a(libc_a-impure.o)
 .ARM.attributes
                0x0000075f       0x34 C:/ST/STM32CubeIDE_1.16.0/STM32CubeIDE/plugins/com.st.stm32cube.ide.mcu.externaltools.gnu-tools-for-stm32.13.3.rel1.win32_1.0.0.202411081344/tools/bin/../lib/gcc/arm-none-eabi/13.3.1/../../../../arm-none-eabi/lib/thumb/v7e-m+fp/hard\libc_nano.a(libc_a-lseekr.o)
 .ARM.attributes
                0x00000793       0x34 C:/ST/STM32CubeIDE_1.16.0/STM32CubeIDE/plugins/com.st.stm32cube.ide.mcu.externaltools.gnu-tools-for-stm32.13.3.rel1.win32_1.0.0.202411081344/tools/bin/../lib/gcc/arm-none-eabi/13.3.1/../../../../arm-none-eabi/lib/thumb/v7e-m+fp/hard\libc_nano.a(libc_a-readr.o)
 .ARM.attributes
                0x000007c7       0x34 C:/ST/STM32CubeIDE_1.16.0/STM32CubeIDE/plugins/com.st.stm32cube.ide.mcu.externaltools.gnu-tools-for-stm32.13.3.rel1.win32_1.0.0.202411081344/tools/bin/../lib/gcc/arm-none-eabi/13.3.1/../../../../arm-none-eabi/lib/thumb/v7e-m+fp/hard\libc_nano.a(libc_a-writer.o)
 .ARM.attributes
                0x000007fb       0x34 C:/ST/STM32CubeIDE_1.16.0/STM32CubeIDE/plugins/com.st.stm32cube.ide.mcu.externaltools.gnu-tools-for-stm32.13.3.rel1.win32_1.0.0.202411081344/tools/bin/../lib/gcc/arm-none-eabi/13.3.1/../../../../arm-none-eabi/lib/thumb/v7e-m+fp/hard\libc_nano.a(libc_a-errno.o)
 .ARM.attributes
                0x0000082f       0x34 C:/ST/STM32CubeIDE_1.16.0/STM32CubeIDE/plugins/com.st.stm32cube.ide.mcu.externaltools.gnu-tools-for-stm32.13.3.rel1.win32_1.0.0.202411081344/tools/bin/../lib/gcc/arm-none-eabi/13.3.1/../../../../arm-none-eabi/lib/thumb/v7e-m+fp/hard\libc_nano.a(libc_a-init.o)
 .ARM.attributes
                0x00000863       0x34 C:/ST/STM32CubeIDE_1.16.0/STM32CubeIDE/plugins/com.st.stm32cube.ide.mcu.externaltools.gnu-tools-for-stm32.13.3.rel1.win32_1.0.0.202411081344/tools/bin/../lib/gcc/arm-none-eabi/13.3.1/../../../../arm-none-eabi/lib/thumb/v7e-m+fp/hard\libc_nano.a(libc_a-lock.o)
 .ARM.attributes
                0x00000897       0x34 C:/ST/STM32CubeIDE_1.16.0/STM32CubeIDE/plugins/com.st.stm32cube.ide.mcu.externaltools.gnu-tools-for-stm32.13.3.rel1.win32_1.0.0.202411081344/tools/bin/../lib/gcc/arm-none-eabi/13.3.1/../../../../arm-none-eabi/lib/thumb/v7e-m+fp/hard\libc_nano.a(libc_a-freer.o)
 .ARM.attributes
                0x000008cb       0x34 C:/ST/STM32CubeIDE_1.16.0/STM32CubeIDE/plugins/com.st.stm32cube.ide.mcu.externaltools.gnu-tools-for-stm32.13.3.rel1.win32_1.0.0.202411081344/tools/bin/../lib/gcc/arm-none-eabi/13.3.1/../../../../arm-none-eabi/lib/thumb/v7e-m+fp/hard\libc_nano.a(libc_a-mallocr.o)
 .ARM.attributes
                0x000008ff       0x34 C:/ST/STM32CubeIDE_1.16.0/STM32CubeIDE/plugins/com.st.stm32cube.ide.mcu.externaltools.gnu-tools-for-stm32.13.3.rel1.win32_1.0.0.202411081344/tools/bin/../lib/gcc/arm-none-eabi/13.3.1/../../../../arm-none-eabi/lib/thumb/v7e-m+fp/hard\libc_nano.a(libc_a-mlock.o)
 .ARM.attributes
                0x00000933       0x34 C:/ST/STM32CubeIDE_1.16.0/STM32CubeIDE/plugins/com.st.stm32cube.ide.mcu.externaltools.gnu-tools-for-stm32.13.3.rel1.win32_1.0.0.202411081344/tools/bin/../lib/gcc/arm-none-eabi/13.3.1/../../../../arm-none-eabi/lib/thumb/v7e-m+fp/hard\libc_nano.a(libc_a-nano-vfprintf.o)
 .ARM.attributes
                0x00000967       0x34 C:/ST/STM32CubeIDE_1.16.0/STM32CubeIDE/plugins/com.st.stm32cube.ide.mcu.externaltools.gnu-tools-for-stm32.13.3.rel1.win32_1.0.0.202411081344/tools/bin/../lib/gcc/arm-none-eabi/13.3.1/../../../../arm-none-eabi/lib/thumb/v7e-m+fp/hard\libc_nano.a(libc_a-nano-vfprintf_i.o)
 .ARM.attributes
                0x0000099b       0x34 C:/ST/STM32CubeIDE_1.16.0/STM32CubeIDE/plugins/com.st.stm32cube.ide.mcu.externaltools.gnu-tools-for-stm32.13.3.rel1.win32_1.0.0.202411081344/tools/bin/../lib/gcc/arm-none-eabi/13.3.1/../../../../arm-none-eabi/lib/thumb/v7e-m+fp/hard\libc_nano.a(libc_a-fflush.o)
 .ARM.attributes
                0x000009cf       0x34 C:/ST/STM32CubeIDE_1.16.0/STM32CubeIDE/plugins/com.st.stm32cube.ide.mcu.externaltools.gnu-tools-for-stm32.13.3.rel1.win32_1.0.0.202411081344/tools/bin/../lib/gcc/arm-none-eabi/13.3.1/../../../../arm-none-eabi/lib/thumb/v7e-m+fp/hard\libc_nano.a(libc_a-makebuf.o)
 .ARM.attributes
                0x00000a03       0x34 C:/ST/STM32CubeIDE_1.16.0/STM32CubeIDE/plugins/com.st.stm32cube.ide.mcu.externaltools.gnu-tools-for-stm32.13.3.rel1.win32_1.0.0.202411081344/tools/bin/../lib/gcc/arm-none-eabi/13.3.1/../../../../arm-none-eabi/lib/thumb/v7e-m+fp/hard\libc_nano.a(libc_a-fstatr.o)
 .ARM.attributes
                0x00000a37       0x34 C:/ST/STM32CubeIDE_1.16.0/STM32CubeIDE/plugins/com.st.stm32cube.ide.mcu.externaltools.gnu-tools-for-stm32.13.3.rel1.win32_1.0.0.202411081344/tools/bin/../lib/gcc/arm-none-eabi/13.3.1/../../../../arm-none-eabi/lib/thumb/v7e-m+fp/hard\libc_nano.a(libc_a-isattyr.o)
 .ARM.attributes
                0x00000a6b       0x34 C:/ST/STM32CubeIDE_1.16.0/STM32CubeIDE/plugins/com.st.stm32cube.ide.mcu.externaltools.gnu-tools-for-stm32.13.3.rel1.win32_1.0.0.202411081344/tools/bin/../lib/gcc/arm-none-eabi/13.3.1/../../../../arm-none-eabi/lib/thumb/v7e-m+fp/hard\libc_nano.a(libc_a-sbrkr.o)
 .ARM.attributes
                0x00000a9f       0x1c C:/ST/STM32CubeIDE_1.16.0/STM32CubeIDE/plugins/com.st.stm32cube.ide.mcu.externaltools.gnu-tools-for-stm32.13.3.rel1.win32_1.0.0.202411081344/tools/bin/../lib/gcc/arm-none-eabi/13.3.1/../../../../arm-none-eabi/lib/thumb/v7e-m+fp/hard\libc_nano.a(libc_a-memchr.o)
 .ARM.attributes
                0x00000abb       0x22 C:/ST/STM32CubeIDE_1.16.0/STM32CubeIDE/plugins/com.st.stm32cube.ide.mcu.externaltools.gnu-tools-for-stm32.13.3.rel1.win32_1.0.0.202411081344/tools/bin/../lib/gcc/arm-none-eabi/13.3.1/thumb/v7e-m+fp/hard\libgcc.a(_aeabi_uldivmod.o)
 .ARM.attributes
                0x00000add       0x34 C:/ST/STM32CubeIDE_1.16.0/STM32CubeIDE/plugins/com.st.stm32cube.ide.mcu.externaltools.gnu-tools-for-stm32.13.3.rel1.win32_1.0.0.202411081344/tools/bin/../lib/gcc/arm-none-eabi/13.3.1/thumb/v7e-m+fp/hard\libgcc.a(_udivmoddi4.o)
 .ARM.attributes
                0x00000b11       0x22 C:/ST/STM32CubeIDE_1.16.0/STM32CubeIDE/plugins/com.st.stm32cube.ide.mcu.externaltools.gnu-tools-for-stm32.13.3.rel1.win32_1.0.0.202411081344/tools/bin/../lib/gcc/arm-none-eabi/13.3.1/thumb/v7e-m+fp/hard\libgcc.a(_dvmd_tls.o)
 .ARM.attributes
                0x00000b33       0x22 C:/ST/STM32CubeIDE_1.16.0/STM32CubeIDE/plugins/com.st.stm32cube.ide.mcu.externaltools.gnu-tools-for-stm32.13.3.rel1.win32_1.0.0.202411081344/tools/bin/../lib/gcc/arm-none-eabi/13.3.1/thumb/v7e-m+fp/hard/crtn.o
OUTPUT(ECEN2370_StarterCode_SP25.elf elf32-littlearm)
LOAD linker stubs
LOAD C:/ST/STM32CubeIDE_1.16.0/STM32CubeIDE/plugins/com.st.stm32cube.ide.mcu.externaltools.gnu-tools-for-stm32.13.3.rel1.win32_1.0.0.202411081344/tools/bin/../lib/gcc/arm-none-eabi/13.3.1/../../../../arm-none-eabi/lib/thumb/v7e-m+fp/hard\libc.a
LOAD C:/ST/STM32CubeIDE_1.16.0/STM32CubeIDE/plugins/com.st.stm32cube.ide.mcu.externaltools.gnu-tools-for-stm32.13.3.rel1.win32_1.0.0.202411081344/tools/bin/../lib/gcc/arm-none-eabi/13.3.1/../../../../arm-none-eabi/lib/thumb/v7e-m+fp/hard\libm.a
LOAD C:/ST/STM32CubeIDE_1.16.0/STM32CubeIDE/plugins/com.st.stm32cube.ide.mcu.externaltools.gnu-tools-for-stm32.13.3.rel1.win32_1.0.0.202411081344/tools/bin/../lib/gcc/arm-none-eabi/13.3.1/thumb/v7e-m+fp/hard\libgcc.a

.debug_info     0x00000000    0x12d3a
 .debug_info    0x00000000      0x228 ./Core/Src/ApplicationCode.o
 .debug_info    0x00000228      0xfbd ./Core/Src/LCD_Driver.o
 .debug_info    0x000011e5      0x145 ./Core/Src/fonts.o
 .debug_info    0x0000132a      0xc85 ./Core/Src/ili9341.o
 .debug_info    0x00001faf     0x1935 ./Core/Src/main.o
 .debug_info    0x000038e4     0x17b6 ./Core/Src/stm32f4xx_hal_msp.o
 .debug_info    0x0000509a      0x112 ./Core/Src/stm32f4xx_it.o
 .debug_info    0x000051ac      0xdd6 ./Core/Src/stmpe811.o
 .debug_info    0x00005f82      0x6a3 ./Core/Src/syscalls.o
 .debug_info    0x00006625      0x168 ./Core/Src/sysmem.o
 .debug_info    0x0000678d      0x52e ./Core/Src/system_stm32f4xx.o
 .debug_info    0x00006cbb       0x30 ./Core/Startup/startup_stm32f429zitx.o
 .debug_info    0x00006ceb      0x9ba ./Drivers/STM32F4xx_HAL_Driver/Src/stm32f4xx_hal.o
 .debug_info    0x000076a5      0xdc2 ./Drivers/STM32F4xx_HAL_Driver/Src/stm32f4xx_hal_cortex.o
 .debug_info    0x00008467      0x6db ./Drivers/STM32F4xx_HAL_Driver/Src/stm32f4xx_hal_gpio.o
 .debug_info    0x00008b42     0x2421 ./Drivers/STM32F4xx_HAL_Driver/Src/stm32f4xx_hal_i2c.o
 .debug_info    0x0000af63      0x672 ./Drivers/STM32F4xx_HAL_Driver/Src/stm32f4xx_hal_i2c_ex.o
 .debug_info    0x0000b5d5     0x1022 ./Drivers/STM32F4xx_HAL_Driver/Src/stm32f4xx_hal_ltdc.o
 .debug_info    0x0000c5f7      0x8c7 ./Drivers/STM32F4xx_HAL_Driver/Src/stm32f4xx_hal_rcc.o
 .debug_info    0x0000cebe      0x64c ./Drivers/STM32F4xx_HAL_Driver/Src/stm32f4xx_hal_rcc_ex.o
 .debug_info    0x0000d50a      0x493 ./Drivers/STM32F4xx_HAL_Driver/Src/stm32f4xx_hal_rng.o
 .debug_info    0x0000d99d     0x1525 ./Drivers/STM32F4xx_HAL_Driver/Src/stm32f4xx_hal_spi.o
 .debug_info    0x0000eec2     0x299d ./Drivers/STM32F4xx_HAL_Driver/Src/stm32f4xx_hal_tim.o
 .debug_info    0x0001185f     0x14db ./Drivers/STM32F4xx_HAL_Driver/Src/stm32f4xx_hal_tim_ex.o

.debug_abbrev   0x00000000     0x2ec3
 .debug_abbrev  0x00000000      0x119 ./Core/Src/ApplicationCode.o
 .debug_abbrev  0x00000119      0x32a ./Core/Src/LCD_Driver.o
 .debug_abbrev  0x00000443       0xc6 ./Core/Src/fonts.o
 .debug_abbrev  0x00000509      0x2c9 ./Core/Src/ili9341.o
 .debug_abbrev  0x000007d2      0x2cd ./Core/Src/main.o
 .debug_abbrev  0x00000a9f      0x25c ./Core/Src/stm32f4xx_hal_msp.o
 .debug_abbrev  0x00000cfb       0x73 ./Core/Src/stm32f4xx_it.o
 .debug_abbrev  0x00000d6e      0x2c9 ./Core/Src/stmpe811.o
 .debug_abbrev  0x00001037      0x1b6 ./Core/Src/syscalls.o
 .debug_abbrev  0x000011ed       0xbc ./Core/Src/sysmem.o
 .debug_abbrev  0x000012a9      0x11a ./Core/Src/system_stm32f4xx.o
 .debug_abbrev  0x000013c3       0x24 ./Core/Startup/startup_stm32f429zitx.o
 .debug_abbrev  0x000013e7      0x214 ./Drivers/STM32F4xx_HAL_Driver/Src/stm32f4xx_hal.o
 .debug_abbrev  0x000015fb      0x31d ./Drivers/STM32F4xx_HAL_Driver/Src/stm32f4xx_hal_cortex.o
 .debug_abbrev  0x00001918      0x1d4 ./Drivers/STM32F4xx_HAL_Driver/Src/stm32f4xx_hal_gpio.o
 .debug_abbrev  0x00001aec      0x2ad ./Drivers/STM32F4xx_HAL_Driver/Src/stm32f4xx_hal_i2c.o
 .debug_abbrev  0x00001d99      0x157 ./Drivers/STM32F4xx_HAL_Driver/Src/stm32f4xx_hal_i2c_ex.o
 .debug_abbrev  0x00001ef0      0x233 ./Drivers/STM32F4xx_HAL_Driver/Src/stm32f4xx_hal_ltdc.o
 .debug_abbrev  0x00002123      0x2b7 ./Drivers/STM32F4xx_HAL_Driver/Src/stm32f4xx_hal_rcc.o
 .debug_abbrev  0x000023da      0x1b0 ./Drivers/STM32F4xx_HAL_Driver/Src/stm32f4xx_hal_rcc_ex.o
 .debug_abbrev  0x0000258a      0x1c4 ./Drivers/STM32F4xx_HAL_Driver/Src/stm32f4xx_hal_rng.o
 .debug_abbrev  0x0000274e      0x27a ./Drivers/STM32F4xx_HAL_Driver/Src/stm32f4xx_hal_spi.o
 .debug_abbrev  0x000029c8      0x278 ./Drivers/STM32F4xx_HAL_Driver/Src/stm32f4xx_hal_tim.o
 .debug_abbrev  0x00002c40      0x283 ./Drivers/STM32F4xx_HAL_Driver/Src/stm32f4xx_hal_tim_ex.o

.debug_aranges  0x00000000     0x1380
 .debug_aranges
                0x00000000       0x30 ./Core/Src/ApplicationCode.o
 .debug_aranges
                0x00000030       0xb0 ./Core/Src/LCD_Driver.o
 .debug_aranges
                0x000000e0       0x18 ./Core/Src/fonts.o
 .debug_aranges
                0x000000f8       0x98 ./Core/Src/ili9341.o
 .debug_aranges
                0x00000190       0x60 ./Core/Src/main.o
 .debug_aranges
                0x000001f0       0x70 ./Core/Src/stm32f4xx_hal_msp.o
 .debug_aranges
                0x00000260       0x60 ./Core/Src/stm32f4xx_it.o
 .debug_aranges
                0x000002c0       0x88 ./Core/Src/stmpe811.o
 .debug_aranges
                0x00000348       0xa8 ./Core/Src/syscalls.o
 .debug_aranges
                0x000003f0       0x20 ./Core/Src/sysmem.o
 .debug_aranges
                0x00000410       0x28 ./Core/Src/system_stm32f4xx.o
 .debug_aranges
                0x00000438       0x28 ./Core/Startup/startup_stm32f429zitx.o
 .debug_aranges
                0x00000460      0x100 ./Drivers/STM32F4xx_HAL_Driver/Src/stm32f4xx_hal.o
 .debug_aranges
                0x00000560      0x130 ./Drivers/STM32F4xx_HAL_Driver/Src/stm32f4xx_hal_cortex.o
 .debug_aranges
                0x00000690       0x58 ./Drivers/STM32F4xx_HAL_Driver/Src/stm32f4xx_hal_gpio.o
 .debug_aranges
                0x000006e8      0x2a8 ./Drivers/STM32F4xx_HAL_Driver/Src/stm32f4xx_hal_i2c.o
 .debug_aranges
                0x00000990       0x28 ./Drivers/STM32F4xx_HAL_Driver/Src/stm32f4xx_hal_i2c_ex.o
 .debug_aranges
                0x000009b8      0x158 ./Drivers/STM32F4xx_HAL_Driver/Src/stm32f4xx_hal_ltdc.o
 .debug_aranges
                0x00000b10       0x88 ./Drivers/STM32F4xx_HAL_Driver/Src/stm32f4xx_hal_rcc.o
 .debug_aranges
                0x00000b98       0x58 ./Drivers/STM32F4xx_HAL_Driver/Src/stm32f4xx_hal_rcc_ex.o
 .debug_aranges
                0x00000bf0       0x88 ./Drivers/STM32F4xx_HAL_Driver/Src/stm32f4xx_hal_rng.o
 .debug_aranges
                0x00000c78      0x1d0 ./Drivers/STM32F4xx_HAL_Driver/Src/stm32f4xx_hal_spi.o
 .debug_aranges
                0x00000e48      0x3d0 ./Drivers/STM32F4xx_HAL_Driver/Src/stm32f4xx_hal_tim.o
 .debug_aranges
                0x00001218      0x168 ./Drivers/STM32F4xx_HAL_Driver/Src/stm32f4xx_hal_tim_ex.o

.debug_rnglists
                0x00000000      0xf0a
 .debug_rnglists
                0x00000000       0x1f ./Core/Src/ApplicationCode.o
 .debug_rnglists
                0x0000001f       0x85 ./Core/Src/LCD_Driver.o
 .debug_rnglists
                0x000000a4       0x6f ./Core/Src/ili9341.o
 .debug_rnglists
                0x00000113       0x48 ./Core/Src/main.o
 .debug_rnglists
                0x0000015b       0x53 ./Core/Src/stm32f4xx_hal_msp.o
 .debug_rnglists
                0x000001ae       0x43 ./Core/Src/stm32f4xx_it.o
 .debug_rnglists
                0x000001f1       0x67 ./Core/Src/stmpe811.o
 .debug_rnglists
                0x00000258       0x79 ./Core/Src/syscalls.o
 .debug_rnglists
                0x000002d1       0x13 ./Core/Src/sysmem.o
 .debug_rnglists
                0x000002e4       0x1a ./Core/Src/system_stm32f4xx.o
 .debug_rnglists
                0x000002fe       0x19 ./Core/Startup/startup_stm32f429zitx.o
 .debug_rnglists
                0x00000317       0xbb ./Drivers/STM32F4xx_HAL_Driver/Src/stm32f4xx_hal.o
 .debug_rnglists
                0x000003d2       0xe0 ./Drivers/STM32F4xx_HAL_Driver/Src/stm32f4xx_hal_cortex.o
 .debug_rnglists
                0x000004b2       0x3f ./Drivers/STM32F4xx_HAL_Driver/Src/stm32f4xx_hal_gpio.o
 .debug_rnglists
                0x000004f1      0x23c ./Drivers/STM32F4xx_HAL_Driver/Src/stm32f4xx_hal_i2c.o
 .debug_rnglists
                0x0000072d       0x19 ./Drivers/STM32F4xx_HAL_Driver/Src/stm32f4xx_hal_i2c_ex.o
 .debug_rnglists
                0x00000746      0x10a ./Drivers/STM32F4xx_HAL_Driver/Src/stm32f4xx_hal_ltdc.o
 .debug_rnglists
                0x00000850       0x66 ./Drivers/STM32F4xx_HAL_Driver/Src/stm32f4xx_hal_rcc.o
 .debug_rnglists
                0x000008b6       0x43 ./Drivers/STM32F4xx_HAL_Driver/Src/stm32f4xx_hal_rcc_ex.o
 .debug_rnglists
                0x000008f9       0x63 ./Drivers/STM32F4xx_HAL_Driver/Src/stm32f4xx_hal_rng.o
 .debug_rnglists
                0x0000095c      0x16f ./Drivers/STM32F4xx_HAL_Driver/Src/stm32f4xx_hal_spi.o
 .debug_rnglists
                0x00000acb      0x31a ./Drivers/STM32F4xx_HAL_Driver/Src/stm32f4xx_hal_tim.o
 .debug_rnglists
                0x00000de5      0x125 ./Drivers/STM32F4xx_HAL_Driver/Src/stm32f4xx_hal_tim_ex.o

.debug_macro    0x00000000    0x26c5e
 .debug_macro   0x00000000      0x327 ./Core/Src/ApplicationCode.o
 .debug_macro   0x00000327      0xad8 ./Core/Src/ApplicationCode.o
 .debug_macro   0x00000dff      0x2ad ./Core/Src/ApplicationCode.o
 .debug_macro   0x000010ac       0x2e ./Core/Src/ApplicationCode.o
 .debug_macro   0x000010da       0x28 ./Core/Src/ApplicationCode.o
 .debug_macro   0x00001102       0x22 ./Core/Src/ApplicationCode.o
 .debug_macro   0x00001124       0x8e ./Core/Src/ApplicationCode.o
 .debug_macro   0x000011b2       0x51 ./Core/Src/ApplicationCode.o
 .debug_macro   0x00001203      0x103 ./Core/Src/ApplicationCode.o
 .debug_macro   0x00001306       0x6a ./Core/Src/ApplicationCode.o
 .debug_macro   0x00001370      0x1df ./Core/Src/ApplicationCode.o
 .debug_macro   0x0000154f       0x1c ./Core/Src/ApplicationCode.o
 .debug_macro   0x0000156b       0x22 ./Core/Src/ApplicationCode.o
 .debug_macro   0x0000158d       0xfb ./Core/Src/ApplicationCode.o
 .debug_macro   0x00001688     0x1011 ./Core/Src/ApplicationCode.o
 .debug_macro   0x00002699      0x11f ./Core/Src/ApplicationCode.o
 .debug_macro   0x000027b8    0x17fd8 ./Core/Src/ApplicationCode.o
 .debug_macro   0x0001a790       0x6d ./Core/Src/ApplicationCode.o
 .debug_macro   0x0001a7fd     0x3711 ./Core/Src/ApplicationCode.o
 .debug_macro   0x0001df0e      0x190 ./Core/Src/ApplicationCode.o
 .debug_macro   0x0001e09e       0x5c ./Core/Src/ApplicationCode.o
 .debug_macro   0x0001e0fa      0xcba ./Core/Src/ApplicationCode.o
 .debug_macro   0x0001edb4      0x9e9 ./Core/Src/ApplicationCode.o
 .debug_macro   0x0001f79d      0x115 ./Core/Src/ApplicationCode.o
 .debug_macro   0x0001f8b2      0x156 ./Core/Src/ApplicationCode.o
 .debug_macro   0x0001fa08       0xa5 ./Core/Src/ApplicationCode.o
 .debug_macro   0x0001faad      0x182 ./Core/Src/ApplicationCode.o
 .debug_macro   0x0001fc2f      0x287 ./Core/Src/ApplicationCode.o
 .debug_macro   0x0001feb6       0x5f ./Core/Src/ApplicationCode.o
 .debug_macro   0x0001ff15      0x236 ./Core/Src/ApplicationCode.o
 .debug_macro   0x0002014b      0x132 ./Core/Src/ApplicationCode.o
 .debug_macro   0x0002027d      0x41d ./Core/Src/ApplicationCode.o
 .debug_macro   0x0002069a       0x2e ./Core/Src/ApplicationCode.o
 .debug_macro   0x000206c8      0x1b5 ./Core/Src/ApplicationCode.o
 .debug_macro   0x0002087d       0x22 ./Core/Src/ApplicationCode.o
 .debug_macro   0x0002089f       0xd6 ./Core/Src/ApplicationCode.o
 .debug_macro   0x00020975      0x198 ./Core/Src/ApplicationCode.o
 .debug_macro   0x00020b0d       0xd6 ./Core/Src/ApplicationCode.o
 .debug_macro   0x00020be3      0x127 ./Core/Src/ApplicationCode.o
 .debug_macro   0x00020d0a       0xe2 ./Core/Src/ApplicationCode.o
 .debug_macro   0x00020dec       0x89 ./Core/Src/ApplicationCode.o
 .debug_macro   0x00020e75       0xa4 ./Core/Src/ApplicationCode.o
 .debug_macro   0x00020f19      0x225 ./Core/Src/ApplicationCode.o
 .debug_macro   0x0002113e      0x8ed ./Core/Src/ApplicationCode.o
 .debug_macro   0x00021a2b       0x4d ./Core/Src/ApplicationCode.o
 .debug_macro   0x00021a78      0x134 ./Core/Src/ApplicationCode.o
 .debug_macro   0x00021bac      0x332 ./Core/Src/ApplicationCode.o
 .debug_macro   0x00021ede       0x22 ./Core/Src/ApplicationCode.o
 .debug_macro   0x00021f00      0x173 ./Core/Src/ApplicationCode.o
 .debug_macro   0x00022073       0x88 ./Core/Src/ApplicationCode.o
 .debug_macro   0x000220fb       0x61 ./Core/Src/ApplicationCode.o
 .debug_macro   0x0002215c       0x2a ./Core/Src/ApplicationCode.o
 .debug_macro   0x00022186       0x43 ./Core/Src/ApplicationCode.o
 .debug_macro   0x000221c9       0x34 ./Core/Src/ApplicationCode.o
 .debug_macro   0x000221fd       0x16 ./Core/Src/ApplicationCode.o
 .debug_macro   0x00022213       0x3c ./Core/Src/ApplicationCode.o
 .debug_macro   0x0002224f      0x370 ./Core/Src/ApplicationCode.o
 .debug_macro   0x000225bf       0x10 ./Core/Src/ApplicationCode.o
 .debug_macro   0x000225cf       0x16 ./Core/Src/ApplicationCode.o
 .debug_macro   0x000225e5       0x4a ./Core/Src/ApplicationCode.o
 .debug_macro   0x0002262f       0x34 ./Core/Src/ApplicationCode.o
 .debug_macro   0x00022663       0x10 ./Core/Src/ApplicationCode.o
 .debug_macro   0x00022673       0x58 ./Core/Src/ApplicationCode.o
 .debug_macro   0x000226cb       0x8e ./Core/Src/ApplicationCode.o
 .debug_macro   0x00022759       0x1c ./Core/Src/ApplicationCode.o
 .debug_macro   0x00022775      0x185 ./Core/Src/ApplicationCode.o
 .debug_macro   0x000228fa       0x16 ./Core/Src/ApplicationCode.o
 .debug_macro   0x00022910       0x16 ./Core/Src/ApplicationCode.o
 .debug_macro   0x00022926      0x146 ./Core/Src/ApplicationCode.o
 .debug_macro   0x00022a6c      0x245 ./Core/Src/LCD_Driver.o
 .debug_macro   0x00022cb1       0x6d ./Core/Src/fonts.o
 .debug_macro   0x00022d1e      0x21a ./Core/Src/ili9341.o
 .debug_macro   0x00022f38      0x32c ./Core/Src/ili9341.o
 .debug_macro   0x00023264      0x336 ./Core/Src/main.o
 .debug_macro   0x0002359a      0x4c8 ./Core/Src/main.o
 .debug_macro   0x00023a62      0x21a ./Core/Src/stm32f4xx_hal_msp.o
 .debug_macro   0x00023c7c      0x224 ./Core/Src/stm32f4xx_it.o
 .debug_macro   0x00023ea0      0x235 ./Core/Src/stmpe811.o
 .debug_macro   0x000240d5      0x274 ./Core/Src/syscalls.o
 .debug_macro   0x00024349       0x5b ./Core/Src/syscalls.o
 .debug_macro   0x000243a4       0x94 ./Core/Src/syscalls.o
 .debug_macro   0x00024438       0x57 ./Core/Src/syscalls.o
 .debug_macro   0x0002448f       0x10 ./Core/Src/syscalls.o
 .debug_macro   0x0002449f       0x10 ./Core/Src/syscalls.o
 .debug_macro   0x000244af       0x10 ./Core/Src/syscalls.o
 .debug_macro   0x000244bf       0x10 ./Core/Src/syscalls.o
 .debug_macro   0x000244cf       0x1c ./Core/Src/syscalls.o
 .debug_macro   0x000244eb       0x52 ./Core/Src/syscalls.o
 .debug_macro   0x0002453d       0x22 ./Core/Src/syscalls.o
 .debug_macro   0x0002455f       0x10 ./Core/Src/syscalls.o
 .debug_macro   0x0002456f       0x52 ./Core/Src/syscalls.o
 .debug_macro   0x000245c1       0xcf ./Core/Src/syscalls.o
 .debug_macro   0x00024690       0x1c ./Core/Src/syscalls.o
 .debug_macro   0x000246ac       0x3d ./Core/Src/syscalls.o
 .debug_macro   0x000246e9       0x35 ./Core/Src/syscalls.o
 .debug_macro   0x0002471e      0x12c ./Core/Src/syscalls.o
 .debug_macro   0x0002484a       0x16 ./Core/Src/syscalls.o
 .debug_macro   0x00024860       0x16 ./Core/Src/syscalls.o
 .debug_macro   0x00024876       0x29 ./Core/Src/syscalls.o
 .debug_macro   0x0002489f       0x10 ./Core/Src/syscalls.o
 .debug_macro   0x000248af      0x242 ./Core/Src/syscalls.o
 .debug_macro   0x00024af1       0x1c ./Core/Src/syscalls.o
 .debug_macro   0x00024b0d       0x10 ./Core/Src/syscalls.o
 .debug_macro   0x00024b1d      0x18a ./Core/Src/syscalls.o
 .debug_macro   0x00024ca7       0x16 ./Core/Src/syscalls.o
 .debug_macro   0x00024cbd       0xce ./Core/Src/syscalls.o
 .debug_macro   0x00024d8b      0x112 ./Core/Src/sysmem.o
 .debug_macro   0x00024e9d      0x23c ./Core/Src/sysmem.o
 .debug_macro   0x000250d9      0x20b ./Core/Src/system_stm32f4xx.o
 .debug_macro   0x000252e4      0x26b ./Drivers/STM32F4xx_HAL_Driver/Src/stm32f4xx_hal.o
 .debug_macro   0x0002554f      0x20b ./Drivers/STM32F4xx_HAL_Driver/Src/stm32f4xx_hal_cortex.o
 .debug_macro   0x0002575a      0x211 ./Drivers/STM32F4xx_HAL_Driver/Src/stm32f4xx_hal_gpio.o
 .debug_macro   0x0002596b      0x259 ./Drivers/STM32F4xx_HAL_Driver/Src/stm32f4xx_hal_i2c.o
 .debug_macro   0x00025bc4      0x20b ./Drivers/STM32F4xx_HAL_Driver/Src/stm32f4xx_hal_i2c_ex.o
 .debug_macro   0x00025dcf      0x213 ./Drivers/STM32F4xx_HAL_Driver/Src/stm32f4xx_hal_ltdc.o
 .debug_macro   0x00025fe2      0x22f ./Drivers/STM32F4xx_HAL_Driver/Src/stm32f4xx_hal_rcc.o
 .debug_macro   0x00026211      0x20b ./Drivers/STM32F4xx_HAL_Driver/Src/stm32f4xx_hal_rcc_ex.o
 .debug_macro   0x0002641c      0x211 ./Drivers/STM32F4xx_HAL_Driver/Src/stm32f4xx_hal_rng.o
 .debug_macro   0x0002662d      0x21a ./Drivers/STM32F4xx_HAL_Driver/Src/stm32f4xx_hal_spi.o
 .debug_macro   0x00026847      0x20c ./Drivers/STM32F4xx_HAL_Driver/Src/stm32f4xx_hal_tim.o
 .debug_macro   0x00026a53      0x20b ./Drivers/STM32F4xx_HAL_Driver/Src/stm32f4xx_hal_tim_ex.o

.debug_line     0x00000000    0x177bc
 .debug_line    0x00000000      0x9b0 ./Core/Src/ApplicationCode.o
 .debug_line    0x000009b0      0xbcf ./Core/Src/LCD_Driver.o
 .debug_line    0x0000157f      0x40a ./Core/Src/fonts.o
 .debug_line    0x00001989      0xa06 ./Core/Src/ili9341.o
 .debug_line    0x0000238f      0xcc4 ./Core/Src/main.o
 .debug_line    0x00003053      0x9c4 ./Core/Src/stm32f4xx_hal_msp.o
 .debug_line    0x00003a17      0x86f ./Core/Src/stm32f4xx_it.o
 .debug_line    0x00004286      0xc2b ./Core/Src/stmpe811.o
 .debug_line    0x00004eb1      0x8ac ./Core/Src/syscalls.o