../Core/Src/LCD_Driver.c:33:6:LCD_GPIO_Init	56	static
../Core/Src/LCD_Driver.c:116:6:LTCD_Layer_Init	72	static
../Core/Src/LCD_Driver.c:143:6:clearScreen	8	static
../Core/Src/LCD_Driver.c:148:6:LTCD__Init	8	static
../Core/Src/LCD_Driver.c:206:6:LCD_Draw_Pixel	16	static
../Core/Src/LCD_Driver.c:211:6:LCD_draw_board	16	static
../Core/Src/LCD_Driver.c:223:6:LCD_draw_rect	40	static
../Core/Src/LCD_Driver.c:242:6:LCD_Draw_Circle_Fill	32	static
../Core/Src/LCD_Driver.c:256:6:LCD_Draw_Vertical_Line	32	static
../Core/Src/LCD_Driver.c:264:6:LCD_Clear	24	static
../Core/Src/LCD_Driver.c:275:6:LCD_SetTextColor	16	static
../Core/Src/LCD_Driver.c:281:6:LCD_SetFont	16	static
../Core/Src/LCD_Driver.c:287:6:LCD_Draw_Char	24	static
../Core/Src/LCD_Driver.c:307:6:LCD_DisplayChar	16	static
../Core/Src/LCD_Driver.c:313:6:visualDemo	16	static
../Core/Src/LCD_Driver.c:363:6:LCD_Error_Handler	4	static,ignoring_inline_asm
../Core/Src/LCD_Driver.c:378:6:InitializeLCDTouch	8	static
../Core/Src/LCD_Driver.c:386:18:returnTouchStateAndLocation	16	static
../Core/Src/LCD_Driver.c:391:6:DetermineTouchPosition	16	static
../Core/Src/LCD_Driver.c:396:9:ReadRegisterFromTouchModule	16	static
../Core/Src/LCD_Driver.c:401:6:WriteDataToTouchModule	16	static
